Component: ARM Compiler 6.16 Tool: armlink [5dfeaa00]

==============================================================================

Section Cross References

    startup_stm32f103xb.o(STACK) refers (Special) to heapauxi.o(.text) for __use_two_region_memory
    startup_stm32f103xb.o(HEAP) refers (Special) to heapauxi.o(.text) for __use_two_region_memory
    startup_stm32f103xb.o(RESET) refers (Special) to heapauxi.o(.text) for __use_two_region_memory
    startup_stm32f103xb.o(RESET) refers to startup_stm32f103xb.o(STACK) for __initial_sp
    startup_stm32f103xb.o(RESET) refers to startup_stm32f103xb.o(.text) for Reset_Handler
    startup_stm32f103xb.o(RESET) refers to stm32f1xx_it.o(.text.NMI_Handler) for NMI_Handler
    startup_stm32f103xb.o(RESET) refers to stm32f1xx_it.o(.text.HardFault_Handler) for HardFault_Handler
    startup_stm32f103xb.o(RESET) refers to stm32f1xx_it.o(.text.MemManage_Handler) for MemManage_Handler
    startup_stm32f103xb.o(RESET) refers to stm32f1xx_it.o(.text.BusFault_Handler) for BusFault_Handler
    startup_stm32f103xb.o(RESET) refers to stm32f1xx_it.o(.text.UsageFault_Handler) for UsageFault_Handler
    startup_stm32f103xb.o(RESET) refers to stm32f1xx_it.o(.text.SVC_Handler) for SVC_Handler
    startup_stm32f103xb.o(RESET) refers to stm32f1xx_it.o(.text.DebugMon_Handler) for DebugMon_Handler
    startup_stm32f103xb.o(RESET) refers to stm32f1xx_it.o(.text.PendSV_Handler) for PendSV_Handler
    startup_stm32f103xb.o(RESET) refers to stm32f1xx_it.o(.text.SysTick_Handler) for SysTick_Handler
    startup_stm32f103xb.o(RESET) refers to stm32f1xx_it.o(.text.USART1_IRQHandler) for USART1_IRQHandler
    startup_stm32f103xb.o(RESET) refers to stm32f1xx_it.o(.text.EXTI15_10_IRQHandler) for EXTI15_10_IRQHandler
    startup_stm32f103xb.o(.text) refers (Special) to heapauxi.o(.text) for __use_two_region_memory
    startup_stm32f103xb.o(.text) refers to system_stm32f1xx.o(.text.SystemInit) for SystemInit
    startup_stm32f103xb.o(.text) refers to __main.o(!!!main) for __main
    startup_stm32f103xb.o(.text) refers to startup_stm32f103xb.o(HEAP) for Heap_Mem
    startup_stm32f103xb.o(.text) refers to startup_stm32f103xb.o(STACK) for Stack_Mem
    main.o(.text) refers (Special) to _printf_c.o(.ARM.Collect$$_printf_percent$$00000013) for _printf_c
    main.o(.text) refers (Special) to _printf_d.o(.ARM.Collect$$_printf_percent$$00000009) for _printf_d
    main.o(.text) refers (Special) to _printf_dec.o(.text) for _printf_int_dec
    main.o(.text) refers (Special) to _printf_percent.o(.ARM.Collect$$_printf_percent$$00000000) for _printf_percent
    main.o(.text) refers (Special) to _printf_s.o(.ARM.Collect$$_printf_percent$$00000014) for _printf_s
    main.o(.text) refers (Special) to _printf_str.o(.text) for _printf_str
    main.o(.text.HAL_GPIO_EXTI_Callback) refers (Special) to _printf_c.o(.ARM.Collect$$_printf_percent$$00000013) for _printf_c
    main.o(.text.HAL_GPIO_EXTI_Callback) refers (Special) to _printf_d.o(.ARM.Collect$$_printf_percent$$00000009) for _printf_d
    main.o(.text.HAL_GPIO_EXTI_Callback) refers (Special) to _printf_dec.o(.text) for _printf_int_dec
    main.o(.text.HAL_GPIO_EXTI_Callback) refers (Special) to _printf_percent.o(.ARM.Collect$$_printf_percent$$00000000) for _printf_percent
    main.o(.text.HAL_GPIO_EXTI_Callback) refers (Special) to _printf_s.o(.ARM.Collect$$_printf_percent$$00000014) for _printf_s
    main.o(.text.HAL_GPIO_EXTI_Callback) refers (Special) to _printf_str.o(.text) for _printf_str
    main.o(.ARM.exidx.text.HAL_GPIO_EXTI_Callback) refers (Special) to _printf_c.o(.ARM.Collect$$_printf_percent$$00000013) for _printf_c
    main.o(.ARM.exidx.text.HAL_GPIO_EXTI_Callback) refers (Special) to _printf_d.o(.ARM.Collect$$_printf_percent$$00000009) for _printf_d
    main.o(.ARM.exidx.text.HAL_GPIO_EXTI_Callback) refers (Special) to _printf_dec.o(.text) for _printf_int_dec
    main.o(.ARM.exidx.text.HAL_GPIO_EXTI_Callback) refers (Special) to _printf_percent.o(.ARM.Collect$$_printf_percent$$00000000) for _printf_percent
    main.o(.ARM.exidx.text.HAL_GPIO_EXTI_Callback) refers (Special) to _printf_s.o(.ARM.Collect$$_printf_percent$$00000014) for _printf_s
    main.o(.ARM.exidx.text.HAL_GPIO_EXTI_Callback) refers (Special) to _printf_str.o(.text) for _printf_str
    main.o(.ARM.exidx.text.HAL_GPIO_EXTI_Callback) refers to main.o(.text.HAL_GPIO_EXTI_Callback) for [Anonymous Symbol]
    main.o(.text.inputKey) refers (Special) to _printf_c.o(.ARM.Collect$$_printf_percent$$00000013) for _printf_c
    main.o(.text.inputKey) refers (Special) to _printf_d.o(.ARM.Collect$$_printf_percent$$00000009) for _printf_d
    main.o(.text.inputKey) refers (Special) to _printf_dec.o(.text) for _printf_int_dec
    main.o(.text.inputKey) refers (Special) to _printf_percent.o(.ARM.Collect$$_printf_percent$$00000000) for _printf_percent
    main.o(.text.inputKey) refers (Special) to _printf_s.o(.ARM.Collect$$_printf_percent$$00000014) for _printf_s
[...]
    [Anonymous Symbol]                       0x08000c04   Section        0  stm32f1xx_hal.o(.text.HAL_GetTick)
    [Anonymous Symbol]                       0x08000c10   Section        0  stm32f1xx_hal.o(.text.HAL_IncTick)
    [Anonymous Symbol]                       0x08000c2c   Section        0  stm32f1xx_hal.o(.text.HAL_Init)
    [Anonymous Symbol]                       0x08000c54   Section        0  stm32f1xx_hal.o(.text.HAL_InitTick)
    [Anonymous Symbol]                       0x08000c9c   Section        0  stm32f1xx_hal_msp.o(.text.HAL_MspInit)
    [Anonymous Symbol]                       0x08000ce0   Section        0  stm32f1xx_hal_cortex.o(.text.HAL_NVIC_EnableIRQ)
    [Anonymous Symbol]                       0x08000d00   Section        0  stm32f1xx_hal_cortex.o(.text.HAL_NVIC_SetPriority)
    [Anonymous Symbol]                       0x08000d58   Section        0  stm32f1xx_hal_cortex.o(.text.HAL_NVIC_SetPriorityGrouping)
    [Anonymous Symbol]                       0x08000d78   Section        0  stm32f1xx_hal_rcc.o(.text.HAL_RCC_ClockConfig)
    [Anonymous Symbol]                       0x08000f38   Section        0  stm32f1xx_hal_rcc.o(.text.HAL_RCC_GetPCLK1Freq)
    [Anonymous Symbol]                       0x08000f60   Section        0  stm32f1xx_hal_rcc.o(.text.HAL_RCC_GetPCLK2Freq)
    [Anonymous Symbol]                       0x08000f88   Section        0  stm32f1xx_hal_rcc.o(.text.HAL_RCC_OscConfig)
    [Anonymous Symbol]                       0x0800133c   Section        0  stm32f1xx_hal_spi.o(.text.HAL_SPI_Init)
    [Anonymous Symbol]                       0x080013f0   Section        0  stm32f1xx_hal_msp.o(.text.HAL_SPI_MspInit)
    [Anonymous Symbol]                       0x08001468   Section        0  stm32f1xx_hal_spi.o(.text.HAL_SPI_Transmit)
    [Anonymous Symbol]                       0x08001644   Section        0  stm32f1xx_hal_spi.o(.text.HAL_SPI_TransmitReceive)
    [Anonymous Symbol]                       0x080018f0   Section        0  stm32f1xx_hal_cortex.o(.text.HAL_SYSTICK_Config)
    [Anonymous Symbol]                       0x0800191c   Section        0  stm32f1xx_hal_uart.o(.text.HAL_UARTEx_RxEventCallback)
    [Anonymous Symbol]                       0x08001920   Section        0  stm32f1xx_hal_uart.o(.text.HAL_UART_AbortCpltCallback)
    [Anonymous Symbol]                       0x08001924   Section        0  stm32f1xx_hal_uart.o(.text.HAL_UART_Abort_IT)
    [Anonymous Symbol]                       0x080019d8   Section        0  stm32f1xx_hal_uart.o(.text.HAL_UART_ErrorCallback)
    [Anonymous Symbol]                       0x080019dc   Section        0  stm32f1xx_hal_uart.o(.text.HAL_UART_IRQHandler)
    [Anonymous Symbol]                       0x08001c40   Section        0  stm32f1xx_hal_uart.o(.text.HAL_UART_Init)
    [Anonymous Symbol]                       0x08001d1c   Section        0  stm32f1xx_hal_msp.o(.text.HAL_UART_MspInit)
    [Anonymous Symbol]                       0x08001da8   Section        0  stm32f1xx_hal_uart.o(.text.HAL_UART_Receive_IT)
    [Anonymous Symbol]                       0x08001e00   Section        0  main.o(.text.HAL_UART_RxCpltCallback)
    [Anonymous Symbol]                       0x08001e34   Section        0  stm32f1xx_hal_uart.o(.text.HAL_UART_Transmit)
    [Anonymous Symbol]                       0x08001fe4   Section        0  stm32f1xx_hal_uart.o(.text.HAL_UART_TxCpltCallback)
    [Anonymous Symbol]                       0x08001fe8   Section        0  stm32f1xx_it.o(.text.HardFault_Handler)
    [Anonymous Symbol]                       0x08001fec   Section        0  fatfs.o(.text.MX_FATFS_Init)
    [Anonymous Symbol]                       0x08002008   Section        0  stm32f1xx_it.o(.text.MemManage_Handler)
    [Anonymous Symbol]                       0x0800200c   Section        0  stm32f1xx_it.o(.text.NMI_Handler)
    [Anonymous Symbol]                       0x08002010   Section        0  stm32f1xx_it.o(.text.PendSV_Handler)
    SD_PowerOn                               0x08002015   Thumb Code   772  fatfs_sd.o(.text.SD_PowerOn)
    [Anonymous Symbol]                       0x08002014   Section        0  fatfs_sd.o(.text.SD_PowerOn)
    SD_RxDataBlock                           0x08002319   Thumb Code   342  fatfs_sd.o(.text.SD_RxDataBlock)
    [Anonymous Symbol]                       0x08002318   Section        0  fatfs_sd.o(.text.SD_RxDataBlock)
    SD_SendCmd                               0x08002471   Thumb Code   600  fatfs_sd.o(.text.SD_SendCmd)
    [Anonymous Symbol]                       0x08002470   Section        0  fatfs_sd.o(.text.SD_SendCmd)
    SD_TxDataBlock                           0x080026c9   Thumb Code   514  fatfs_sd.o(.text.SD_TxDataBlock)
    [Anonymous Symbol]                       0x080026c8   Section        0  fatfs_sd.o(.text.SD_TxDataBlock)
    [Anonymous Symbol]                       0x080028cc   Section        0  fatfs_sd.o(.text.SD_disk_initialize)
    [Anonymous Symbol]                       0x08002c44   Section        0  fatfs_sd.o(.text.SD_disk_ioctl)
    [Anonymous Symbol]                       0x08002fa4   Section        0  fatfs_sd.o(.text.SD_disk_read)
    [Anonymous Symbol]                       0x080030b4   Section        0  fatfs_sd.o(.text.SD_disk_status)
    [Anonymous Symbol]                       0x080030c8   Section        0  fatfs_sd.o(.text.SD_disk_write)
    SPI_WaitFlagStateUntilTimeout            0x08003281   Thumb Code   228  stm32f1xx_hal_spi.o(.text.SPI_WaitFlagStateUntilTimeout)
    [Anonymous Symbol]                       0x08003280   Section        0  stm32f1xx_hal_spi.o(.text.SPI_WaitFlagStateUntilTimeout)
    [Anonymous Symbol]                       0x08003364   Section        0  stm32f1xx_it.o(.text.SVC_Handler)
    [Anonymous Symbol]                       0x08003368   Section        0  stm32f1xx_it.o(.text.SysTick_Handler)
    [Anonymous Symbol]                       0x080033a0   Section        0  system_stm32f1xx.o(.text.SystemInit)
    UART_DMAAbortOnError                     0x080033a5   Thumb Code    12  stm32f1xx_hal_uart.o(.text.UART_DMAAbortOnError)
    [Anonymous Symbol]                       0x080033a4   Section        0  stm32f1xx_hal_uart.o(.text.UART_DMAAbortOnError)
    UART_DMARxAbortCallback                  0x080033b1   Thumb Code    42  stm32f1xx_hal_uart.o(.text.UART_DMARxAbortCallback)
    [Anonymous Symbol]                       0x080033b0   Section        0  stm32f1xx_hal_uart.o(.text.UART_DMARxAbortCallback)
    UART_DMATxAbortCallback                  0x080033dd   Thumb Code    42  stm32f1xx_hal_uart.o(.text.UART_DMATxAbortCallback)
    [Anonymous Symbol]                       0x080033dc   Section        0  stm32f1xx_hal_uart.o(.text.UART_DMATxAbortCallback)
    UART_Receive_IT                          0x08003409   Thumb Code   182  stm32f1xx_hal_uart.o(.text.UART_Receive_IT)
    [Anonymous Symbol]                       0x08003408   Section        0  stm32f1xx_hal_uart.o(.text.UART_Receive_IT)
    [Anonymous Symbol]                       0x080034c0   Section        0  stm32f1xx_it.o(.text.USART1_IRQHandler)
    [Anonymous Symbol]                       0x080034cc   Section        0  user_diskio.o(.text.USER_initialize)
    [Anonymous Symbol]                       0x080034d0   Section        0  user_diskio.o(.text.USER_ioctl)
    [Anonymous Symbol]                       0x080034d4   Section        0  user_diskio.o(.text.USER_read)
    [Anonymous Symbol]                       0x080034d8   Section        0  user_diskio.o(.text.USER_status)
    [Anonymous Symbol]                       0x080034dc   Section        0  user_diskio.o(.text.USER_write)
    [Anonymous Symbol]                       0x080034e0   Section        0  stm32f1xx_it.o(.text.UsageFault_Handler)
    __NVIC_SystemReset                       0x080034e5   Thumb Code    42  main.o(.text.__NVIC_SystemReset)
    [Anonymous Symbol]                       0x080034e4   Section        0  main.o(.text.__NVIC_SystemReset)
    create_chain                             0x08003511   Thumb Code   278  ff.o(.text.create_chain)
    [Anonymous Symbol]                       0x08003510   Section        0  ff.o(.text.create_chain)
    dir_find                                 0x08003629   Thumb Code  1210  ff.o(.text.dir_find)
    [Anonymous Symbol]                       0x08003628   Section        0  ff.o(.text.dir_find)
    dir_next                                 0x08003ae5   Thumb Code   652  ff.o(.text.dir_next)
    [Anonymous Symbol]                       0x08003ae4   Section        0  ff.o(.text.dir_next)
    dir_read                                 0x08003d71   Thumb Code   990  ff.o(.text.dir_read)
    [Anonymous Symbol]                       0x08003d70   Section        0  ff.o(.text.dir_read)
    dir_register                             0x08004151   Thumb Code  2112  ff.o(.text.dir_register)
    [Anonymous Symbol]                       0x08004150   Section        0  ff.o(.text.dir_register)
    dir_remove                               0x08004991   Thumb Code   314  ff.o(.text.dir_remove)
    [Anonymous Symbol]                       0x08004990   Section        0  ff.o(.text.dir_remove)
    dir_sdi                                  0x08004acd   Thumb Code   198  ff.o(.text.dir_sdi)
    [Anonymous Symbol]                       0x08004acc   Section        0  ff.o(.text.dir_sdi)
    [Anonymous Symbol]                       0x08004b94   Section        0  diskio.o(.text.disk_initialize)
    [Anonymous Symbol]                       0x08004bb8   Section        0  diskio.o(.text.disk_ioctl)
    [Anonymous Symbol]                       0x08004bd0   Section        0  diskio.o(.text.disk_read)
    [Anonymous Symbol]                       0x08004bf0   Section        0  diskio.o(.text.disk_status)
    [Anonymous Symbol]                       0x08004c08   Section        0  diskio.o(.text.disk_write)
    [Anonymous Symbol]                       0x08004c28   Section        0  main.o(.text.displayScore)
    [Anonymous Symbol]                       0x08004eac   Section        0  main.o(.text.displayqAB)
    [Anonymous Symbol]                       0x08005260   Section        0  main.o(.text.displayqABC)
    [Anonymous Symbol]                       0x08005620   Section        0  ff.o(.text.f_close)
    [Anonymous Symbol]                       0x08005690   Section        0  ff.o(.text.f_gets)
    [Anonymous Symbol]                       0x080056fc   Section        0  ff.o(.text.f_lseek)
    [Anonymous Symbol]                       0x08005a80   Section        0  ff.o(.text.f_mount)
    [Anonymous Symbol]                       0x08005ba8   Section        0  ff.o(.text.f_open)
    [Anonymous Symbol]                       0x08005ff0   Section        0  ff.o(.text.f_puts)
    [Anonymous Symbol]                       0x080060c8   Section        0  ff.o(.text.f_read)
    [Anonymous Symbol]                       0x080063fc   Section        0  ff.o(.text.f_sync)
    [Anonymous Symbol]                       0x08006558   Section        0  ff.o(.text.f_truncate)
    [Anonymous Symbol]                       0x08006720   Section        0  ff.o(.text.f_unlink)
    [Anonymous Symbol]                       0x080068dc   Section        0  ff.o(.text.f_write)
    [Anonymous Symbol]                       0x08006c58   Section        0  ccsbcs.o(.text.ff_convert)
    [Anonymous Symbol]                       0x08006d98   Section        0  ccsbcs.o(.text.ff_wtoupper)
    find_volume                              0x08006e31   Thumb Code  1222  ff.o(.text.find_volume)
    [Anonymous Symbol]                       0x08006e30   Section        0  ff.o(.text.find_volume)
    follow_path                              0x080072f9   Thumb Code  1196  ff.o(.text.follow_path)
    [Anonymous Symbol]                       0x080072f8   Section        0  ff.o(.text.follow_path)
    [Anonymous Symbol]                       0x080077a4   Section        0  ff.o(.text.get_fat)
    [Anonymous Symbol]                       0x08007a8c   Section        0  fatfs.o(.text.get_fattime)
    [Anonymous Symbol]                       0x08007a90   Section        0  main.o(.text.inputKey)
    [Anonymous Symbol]                       0x08007b54   Section        0  main.o(.text.main)
    __arm_cp.14_14                           0x08008d5c   Number         4  main.o(.text.main)
    __arm_cp.14_21                           0x0800a79c   Number         4  main.o(.text.main)
    __arm_cp.14_22                           0x0800a7a0   Number         4  main.o(.text.main)
    [Anonymous Symbol]                       0x0800ac34   Section        0  ff.o(.text.put_fat)
    sync_fs                                  0x0800af6d   Thumb Code   206  ff.o(.text.sync_fs)
    [Anonymous Symbol]                       0x0800af6c   Section        0  ff.o(.text.sync_fs)
    locale$$code                             0x0800b03c   Section       44  lc_ctype_c.o(locale$$code)
    .L__const.HAL_RCC_GetSysClockFreq.aPredivFactorTable 0x0800b068   Data           2  stm32f1xx_hal_rcc.o(.rodata..L__const.HAL_RCC_GetSysClockFreq.aPredivFactorTable)
    ExCvt                                    0x0800b082   Data         128  ff.o(.rodata.ExCvt)
    [Anonymous Symbol]                       0x0800b082   Section        0  ff.o(.rodata.ExCvt)
    Tbl                                      0x0800b102   Data         256  ccsbcs.o(.rodata.Tbl)
    [Anonymous Symbol]                       0x0800b102   Section        0  ccsbcs.o(.rodata.Tbl)
    .L__const.HAL_RCC_GetSysClockFreq.aPLLMULFactorTable 0x0800b202   Data          16  stm32f1xx_hal_rcc.o(.rodata.cst16)
    .L.str                                   0x0800b212   Data          12  main.o(.rodata.str1.1)
    [Anonymous Symbol]                       0x0800b212   Section        0  main.o(.rodata.str1.1)
    .L.str.49                                0x0800b21e   Data          15  main.o(.rodata.str1.1)
    .L.str.51                                0x0800b22d   Data          20  main.o(.rodata.str1.1)
    .L.str.54                                0x0800b241   Data          20  main.o(.rodata.str1.1)
    .L.str.56                                0x0800b255   Data          20  main.o(.rodata.str1.1)
    .L.str.55                                0x0800b269   Data          20  main.o(.rodata.str1.1)
    .L.str.17                                0x0800b27d   Data           3  main.o(.rodata.str1.1)
    .L.str.2                                 0x0800b280   Data           3  main.o(.rodata.str1.1)
    .L.str.52                                0x0800b281   Data           2  main.o(.rodata.str1.1)
    .L.str.5                                 0x0800b283   Data           3  main.o(.rodata.str1.1)
    .L.str.4                                 0x0800b286   Data           3  main.o(.rodata.str1.1)
    .L.str.53                                0x0800b287   Data           2  main.o(.rodata.str1.1)
    .L.str.33                                0x0800b289   Data           3  main.o(.rodata.str1.1)
    .L.str.61                                0x0800b28c   Data          27  main.o(.rodata.str1.1)
    .L.str.62                                0x0800b28d   Data          26  main.o(.rodata.str1.1)
    .L.str.63                                0x0800b2a7   Data          35  main.o(.rodata.str1.1)
    .L.str.64                                0x0800b2a8   Data          34  main.o(.rodata.str1.1)
    .L.str.48                                0x0800b2ca   Data          10  main.o(.rodata.str1.1)
    .L.str.32                                0x0800b2d4   Data          11  main.o(.rodata.str1.1)
    .L.str.34                                0x0800b2df   Data           8  main.o(.rodata.str1.1)
    .L.str.68                                0x0800b2e7   Data          10  main.o(.rodata.str1.1)
    .L.str.36                                0x0800b2f1   Data           5  main.o(.rodata.str1.1)
    .L.str.59                                0x0800b2f6   Data          15  main.o(.rodata.str1.1)
    .L.str.60                                0x0800b305   Data          20  main.o(.rodata.str1.1)
    .L.str.37                                0x0800b316   Data           3  main.o(.rodata.str1.1)
    .L.str.66                                0x0800b319   Data          21  main.o(.rodata.str1.1)
    .L.str.65                                0x0800b32e   Data          23  main.o(.rodata.str1.1)
    .L.str.40                                0x0800b345   Data          19  main.o(.rodata.str1.1)
    .L.str.42                                0x0800b358   Data           9  main.o(.rodata.str1.1)
    .L.str.44                                0x0800b361   Data          21  main.o(.rodata.str1.1)
    .L.str.58                                0x0800b376   Data          21  main.o(.rodata.str1.1)
    .L.str.47                                0x0800b38b   Data          22  main.o(.rodata.str1.1)
    .L.str.31                                0x0800b3a1   Data           5  main.o(.rodata.str1.1)
    .L.str.41                                0x0800b3a6   Data           7  main.o(.rodata.str1.1)
    .L.str.43                                0x0800b3ad   Data           9  main.o(.rodata.str1.1)
    .L.str.16                                0x0800b3b6   Data          21  main.o(.rodata.str1.1)
    .L.str.57                                0x0800b3cb   Data          20  main.o(.rodata.str1.1)
    .L.str.35                                0x0800b3df   Data          15  main.o(.rodata.str1.1)
    .L.str.39                                0x0800b3ee   Data          22  main.o(.rodata.str1.1)
    .L.str.70                                0x0800b404   Data           6  main.o(.rodata.str1.1)
    .L.str.7                                 0x0800b40a   Data          15  main.o(.rodata.str1.1)
    .L.str.8                                 0x0800b419   Data          17  main.o(.rodata.str1.1)
    .L.str.6                                 0x0800b423   Data           7  main.o(.rodata.str1.1)
    .L.str.18                                0x0800b42a   Data           5  main.o(.rodata.str1.1)
    .L.str.38                                0x0800b42f   Data          11  main.o(.rodata.str1.1)
    .L.str.19                                0x0800b434   Data           6  main.o(.rodata.str1.1)
    .L.str.67                                0x0800b43a   Data          20  main.o(.rodata.str1.1)
    .L.str.12                                0x0800b446   Data           8  main.o(.rodata.str1.1)
    .L.str.9                                 0x0800b44e   Data           5  main.o(.rodata.str1.1)
    .L.str.26                                0x0800b453   Data           9  main.o(.rodata.str1.1)
    .L.str.30                                0x0800b45c   Data          12  main.o(.rodata.str1.1)
    .L.str.3                                 0x0800b468   Data           9  ff.o(.rodata.str1.1)
    [Anonymous Symbol]                       0x0800b468   Section        0  ff.o(.rodata.str1.1)
    .L.str.3                                 0x0800b470   Data           1  ff.o(.rodata.str1.1)
    ff_wtoupper.tbl_upper                    0x0800b472   Data         480  ccsbcs.o(.rodata.str2.2)
    [Anonymous Symbol]                       0x0800b472   Section        0  ccsbcs.o(.rodata.str2.2)
    ff_wtoupper.tbl_lower                    0x0800b652   Data         480  ccsbcs.o(.rodata.str2.2)
    locale$$data                             0x0800b854   Section      272  lc_ctype_c.o(locale$$data)
    __lcctype_c_name                         0x0800b858   Data           2  lc_ctype_c.o(locale$$data)
    __lcctype_c_start                        0x0800b860   Data           0  lc_ctype_c.o(locale$$data)
    __lcctype_c_end                          0x0800b964   Data           0  lc_ctype_c.o(locale$$data)
    .L_MergedGlobals                         0x20000000   Data          34  main.o(.data..L_MergedGlobals)
    [Anonymous Symbol]                       0x20000000   Section        0  main.o(.data..L_MergedGlobals)
    .L_MergedGlobals                         0x20000024   Data           8  stm32f1xx_hal.o(.data..L_MergedGlobals)
    [Anonymous Symbol]                       0x20000024   Section        0  stm32f1xx_hal.o(.data..L_MergedGlobals)
    Stat                                     0x2000002c   Data           1  fatfs_sd.o(.data.Stat)
    [Anonymous Symbol]                       0x2000002c   Section        0  fatfs_sd.o(.data.Stat)
    .bss                                     0x20000048   Section       96  libspace.o(.bss)
    .L_MergedGlobals                         0x200000a8   Data           6  stm32f1xx_it.o(.bss..L_MergedGlobals)
    [Anonymous Symbol]                       0x200000a8   Section        0  stm32f1xx_it.o(.bss..L_MergedGlobals)
    .L_MergedGlobals                         0x200000ae   Data           2  fatfs_sd.o(.bss..L_MergedGlobals)
    CardType                                 0x200000ae   Data           1  fatfs_sd.o(.bss..L_MergedGlobals)
    [Anonymous Symbol]                       0x200000ae   Section        0  fatfs_sd.o(.bss..L_MergedGlobals)
    PowerFlag                                0x200000af   Data           1  fatfs_sd.o(.bss..L_MergedGlobals)
    .L_MergedGlobals                         0x200000b0   Data           5  fatfs.o(.bss..L_MergedGlobals)
    [Anonymous Symbol]                       0x200000b0   Section        0  fatfs.o(.bss..L_MergedGlobals)
    .L_MergedGlobals                         0x200000b8   Data          32  ff.o(.bss..L_MergedGlobals)
    Fsid                                     0x200000b8   Data           2  ff.o(.bss..L_MergedGlobals)
    [Anonymous Symbol]                       0x200000b8   Section        0  ff.o(.bss..L_MergedGlobals)
    FatFs.0                                  0x200000bc   Data           4  ff.o(.bss..L_MergedGlobals)
    Files                                    0x200000c0   Data          24  ff.o(.bss..L_MergedGlobals)
    .L_MergedGlobals.74                      0x200000d8   Data          99  main.o(.bss..L_MergedGlobals.74)
    [Anonymous Symbol]                       0x200000d8   Section        0  main.o(.bss..L_MergedGlobals.74)
    LfnBuf                                   0x2000013c   Data         512  ff.o(.bss.LfnBuf)
    [Anonymous Symbol]                       0x2000013c   Section        0  ff.o(.bss.LfnBuf)
    Heap_Mem                                 0x200045f8   Data         512  startup_stm32f103xb.o(HEAP)
    HEAP                                     0x200045f8   Section      512  startup_stm32f103xb.o(HEAP)
    Stack_Mem                                0x200047f8   Data        1024  startup_stm32f103xb.o(STACK)
    STACK                                    0x200047f8   Section     1024  startup_stm32f103xb.o(STACK)
    __initial_sp                             0x20004bf8   Data           0  startup_stm32f103xb.o(STACK)

    Global Symbols

    Symbol Name                              Value     Ov Type        Size  Object(Section)

    BuildAttributes$$THM_ISAv4$P$D$K$B$S$PE$A:L22UL41UL21$X:L11$S22US41US21$IEEE1$IW$~IW$USESV6$~STKCKD$USESV7$~SHL$OTIME$ROPI$EBA8$UX$STANDARDLIB$REQ8$PRES8$EABIv2 0x00000000   Number         0  anon$$obj.o ABSOLUTE
    __fp_init_empty                          0x00000000   Number         0  fpinit_empty.o ABSOLUTE
    _printf_flags                            0x00000000   Number         0  printf_stubs.o ABSOLUTE
    _printf_return_value                     0x00000000   Number         0  printf_stubs.o ABSOLUTE
    _printf_sizespec                         0x00000000   Number         0  printf_stubs.o ABSOLUTE
    _printf_widthprec                        0x00000000   Number         0  printf_stubs.o ABSOLUTE
    __ARM_exceptions_init                     - Undefined Weak Reference
    __alloca_initialize                       - Undefined Weak Reference
    __arm_preinit_                            - Undefined Weak Reference
    __cpp_initialize__aeabi_                  - Undefined Weak Reference
    __cxa_finalize                            - Undefined Weak Reference
    __sigvec_lookup                           - Undefined Weak Reference
    _atexit_init                              - Undefined Weak Reference
    _call_atexit_fns                          - Undefined Weak Reference
    _clock_init                               - Undefined Weak Reference
    _fp_trap_init                             - Undefined Weak Reference
    _fp_trap_shutdown                         - Undefined Weak Reference
    _get_lc_collate                           - Undefined Weak Reference
    _get_lc_monetary                          - Undefined Weak Reference
    _get_lc_numeric                           - Undefined Weak Reference
    _get_lc_time                              - Undefined Weak Reference
    _getenv_init                              - Undefined Weak Reference
    _handle_redirection                       - Undefined Weak Reference
    _init_alloc                               - Undefined Weak Reference
    _init_user_alloc                          - Undefined Weak Reference
    _initio                                   - Undefined Weak Reference
    _printf_mbtowc                            - Undefined Weak Reference
    _printf_post_padding                      - Undefined Weak Reference
    _printf_pre_padding                       - Undefined Weak Reference
    _printf_truncate_signed                   - Undefined Weak Reference
    _printf_truncate_unsigned                 - Undefined Weak Reference
    _rand_init                                - Undefined Weak Reference
    _signal_finish                            - Undefined Weak Reference
    _signal_init                              - Undefined Weak Reference
    _terminate_alloc                          - Undefined Weak Reference
    _terminate_user_alloc                     - Undefined Weak Reference
    _terminateio                              - Undefined Weak Reference
    __Vectors_Size                           0x000000ec   Number         0  startup_stm32f103xb.o ABSOLUTE
    __Vectors                                0x08000000   Data           4  startup_stm32f103xb.o(RESET)
    __Vectors_End                            0x080000ec   Data           0  startup_stm32f103xb.o(RESET)
    __main                                   0x080000ed   Thumb Code     8  __main.o(!!!main)
    __scatterload                            0x080000f5   Thumb Code     0  __scatter.o(!!!scatter)
    __scatterload_rt2                        0x080000f5   Thumb Code    44  __scatter.o(!!!scatter)
    __scatterload_rt2_thumb_only             0x080000f5   Thumb Code     0  __scatter.o(!!!scatter)
    __scatterload_null                       0x08000103   Thumb Code     0  __scatter.o(!!!scatter)
    __scatterload_copy                       0x08000129   Thumb Code    26  __scatter_copy.o(!!handler_copy)
    __scatterload_zeroinit                   0x08000145   Thumb Code    28  __scatter_zi.o(!!handler_zi)
    _printf_d                                0x08000161   Thumb Code     0  _printf_d.o(.ARM.Collect$$_printf_percent$$00000009)
    _printf_percent                          0x08000161   Thumb Code     0  _printf_percent.o(.ARM.Collect$$_printf_percent$$00000000)
    _printf_c                                0x08000167   Thumb Code     0  _printf_c.o(.ARM.Collect$$_printf_percent$$00000013)
    _printf_s                                0x0800016d   Thumb Code     0  _printf_s.o(.ARM.Collect$$_printf_percent$$00000014)
    _printf_percent_end                      0x08000173   Thumb Code     0  _printf_percent_end.o(.ARM.Collect$$_printf_percent$$00000017)
    __rt_lib_init                            0x08000177   Thumb Code     0  libinit.o(.ARM.Collect$$libinit$$00000000)
    __rt_lib_init_fp_1                       0x08000179   Thumb Code     0  libinit2.o(.ARM.Collect$$libinit$$00000002)
    __rt_lib_init_heap_1                     0x08000179   Thumb Code     0  libinit2.o(.ARM.Collect$$libinit$$0000000A)
    __rt_lib_init_lc_common                  0x08000179   Thumb Code     0  libinit2.o(.ARM.Collect$$libinit$$0000000F)
    __rt_lib_init_preinit_1                  0x08000179   Thumb Code     0  libinit2.o(.ARM.Collect$$libinit$$00000004)
    __rt_lib_init_rand_1                     0x08000179   Thumb Code     0  libinit2.o(.ARM.Collect$$libinit$$0000000E)
    __rt_lib_init_user_alloc_1               0x08000179   Thumb Code     0  libinit2.o(.ARM.Collect$$libinit$$0000000C)
    __rt_lib_init_lc_collate_1               0x0800017f   Thumb Code     0  libinit2.o(.ARM.Collect$$libinit$$00000011)
    __rt_lib_init_lc_ctype_2                 0x0800017f   Thumb Code     0  libinit2.o(.ARM.Collect$$libinit$$00000012)
    __rt_lib_init_alloca_1                   0x0800018b   Thumb Code     0  libinit2.o(.ARM.Collect$$libinit$$0000002E)
    __rt_lib_init_argv_1                     0x0800018b   Thumb Code     0  libinit2.o(.ARM.Collect$$libinit$$0000002C)
    __rt_lib_init_atexit_1                   0x0800018b   Thumb Code     0  libinit2.o(.ARM.Collect$$libinit$$0000001B)
    __rt_lib_init_clock_1                    0x0800018b   Thumb Code     0  libinit2.o(.ARM.Collect$$libinit$$00000021)
    __rt_lib_init_cpp_1                      0x0800018b   Thumb Code     0  libinit2.o(.ARM.Collect$$libinit$$00000032)
    __rt_lib_init_exceptions_1               0x0800018b   Thumb Code     0  libinit2.o(.ARM.Collect$$libinit$$00000030)
    __rt_lib_init_fp_trap_1                  0x0800018b   Thumb Code     0  libinit2.o(.ARM.Collect$$libinit$$0000001F)
    __rt_lib_init_getenv_1                   0x0800018b   Thumb Code     0  libinit2.o(.ARM.Collect$$libinit$$00000023)
    __rt_lib_init_lc_ctype_1                 0x0800018b   Thumb Code     0  libinit2.o(.ARM.Collect$$libinit$$00000013)
    __rt_lib_init_lc_monetary_1              0x0800018b   Thumb Code     0  libinit2.o(.ARM.Collect$$libinit$$00000015)
    __rt_lib_init_lc_numeric_1               0x0800018b   Thumb Code     0  libinit2.o(.ARM.Collect$$libinit$$00000017)
    __rt_lib_init_lc_time_1                  0x0800018b   Thumb Code     0  libinit2.o(.ARM.Collect$$libinit$$00000019)
    __rt_lib_init_return                     0x0800018b   Thumb Code     0  libinit2.o(.ARM.Collect$$libinit$$00000033)
    __rt_lib_init_signal_1                   0x0800018b   Thumb Code     0  libinit2.o(.ARM.Collect$$libinit$$0000001D)
    __rt_lib_init_stdio_1                    0x0800018b   Thumb Code     0  libinit2.o(.ARM.Collect$$libinit$$00000025)
    __rt_lib_shutdown                        0x0800018d   Thumb Code     0  libshutdown.o(.ARM.Collect$$libshutdown$$00000000)
    __rt_lib_shutdown_cpp_1                  0x0800018f   Thumb Code     0  libshutdown2.o(.ARM.Collect$$libshutdown$$00000002)
    __rt_lib_shutdown_fp_trap_1              0x0800018f   Thumb Code     0  libshutdown2.o(.ARM.Collect$$libshutdown$$00000007)
    __rt_lib_shutdown_heap_1                 0x0800018f   Thumb Code     0  libshutdown2.o(.ARM.Collect$$libshutdown$$0000000F)
    __rt_lib_shutdown_return                 0x0800018f   Thumb Code     0  libshutdown2.o(.ARM.Collect$$libshutdown$$00000010)
    __rt_lib_shutdown_signal_1               0x0800018f   Thumb Code     0  libshutdown2.o(.ARM.Collect$$libshutdown$$0000000A)
    __rt_lib_shutdown_stdio_1                0x0800018f   Thumb Code     0  libshutdown2.o(.ARM.Collect$$libshutdown$$00000004)
    __rt_lib_shutdown_user_alloc_1           0x0800018f   Thumb Code     0  libshutdown2.o(.ARM.Collect$$libshutdown$$0000000C)
    __rt_entry                               0x08000191   Thumb Code     0  __rtentry.o(.ARM.Collect$$rtentry$$00000000)
    __rt_entry_presh_1                       0x08000191   Thumb Code     0  __rtentry2.o(.ARM.Collect$$rtentry$$00000002)
    __rt_entry_sh                            0x08000191   Thumb Code     0  __rtentry4.o(.ARM.Collect$$rtentry$$00000004)
    __rt_entry_li                            0x08000197   Thumb Code     0  __rtentry2.o(.ARM.Collect$$rtentry$$0000000A)
    __rt_entry_postsh_1                      0x08000197   Thumb Code     0  __rtentry2.o(.ARM.Collect$$rtentry$$00000009)
    __rt_entry_main                          0x0800019b   Thumb Code     0  __rtentry2.o(.ARM.Collect$$rtentry$$0000000D)
    __rt_entry_postli_1                      0x0800019b   Thumb Code     0  __rtentry2.o(.ARM.Collect$$rtentry$$0000000C)
    __rt_exit                                0x080001a3   Thumb Code     0  rtexit.o(.ARM.Collect$$rtexit$$00000000)
    __rt_exit_ls                             0x080001a5   Thumb Code     0  rtexit2.o(.ARM.Collect$$rtexit$$00000003)
    __rt_exit_prels_1                        0x080001a5   Thumb Code     0  rtexit2.o(.ARM.Collect$$rtexit$$00000002)
    __rt_exit_exit                           0x080001a9   Thumb Code     0  rtexit2.o(.ARM.Collect$$rtexit$$00000004)
    Reset_Handler                            0x080001b1   Thumb Code     8  startup_stm32f103xb.o(.text)
    ADC1_2_IRQHandler                        0x080001cb   Thumb Code     0  startup_stm32f103xb.o(.text)
    CAN1_RX1_IRQHandler                      0x080001cb   Thumb Code     0  startup_stm32f103xb.o(.text)
    CAN1_SCE_IRQHandler                      0x080001cb   Thumb Code     0  startup_stm32f103xb.o(.text)
    DMA1_Channel1_IRQHandler                 0x080001cb   Thumb Code     0  startup_stm32f103xb.o(.text)
    DMA1_Channel2_IRQHandler                 0x080001cb   Thumb Code     0  startup_stm32f103xb.o(.text)
    DMA1_Channel3_IRQHandler                 0x080001cb   Thumb Code     0  startup_stm32f103xb.o(.text)
    DMA1_Channel4_IRQHandler                 0x080001cb   Thumb Code     0  startup_stm32f103xb.o(.text)
    DMA1_Channel5_IRQHandler                 0x080001cb   Thumb Code     0  startup_stm32f103xb.o(.text)
    DMA1_Channel6_IRQHandler                 0x080001cb   Thumb Code     0  startup_stm32f103xb.o(.text)
    DMA1_Channel7_IRQHandler                 0x080001cb   Thumb Code     0  startup_stm32f103xb.o(.text)
    EXTI0_IRQHandler                         0x080001cb   Thumb Code     0  startup_stm32f103xb.o(.text)
    EXTI1_IRQHandler                         0x080001cb   Thumb Code     0  startup_stm32f103xb.o(.text)
    EXTI2_IRQHandler                         0x080001cb   Thumb Code     0  startup_stm32f103xb.o(.text)
    EXTI3_IRQHandler                         0x080001cb   Thumb Code     0  startup_stm32f103xb.o(.text)
    EXTI4_IRQHandler                         0x080001cb   Thumb Code     0  startup_stm32f103xb.o(.text)
    EXTI9_5_IRQHandler                       0x080001cb   Thumb Code     0  startup_stm32f103xb.o(.text)
    FLASH_IRQHandler                         0x080001cb   Thumb Code     0  startup_stm32f103xb.o(.text)
    I2C1_ER_IRQHandler                       0x080001cb   Thumb Code     0  startup_stm32f103xb.o(.text)
    I2C1_EV_IRQHandler                       0x080001cb   Thumb Code     0  startup_stm32f103xb.o(.text)
    I2C2_ER_IRQHandler                       0x080001cb   Thumb Code     0  startup_stm32f103xb.o(.text)
    I2C2_EV_IRQHandler                       0x080001cb   Thumb Code     0  startup_stm32f103xb.o(.text)
    PVD_IRQHandler                           0x080001cb   Thumb Code     0  startup_stm32f103xb.o(.text)
    RCC_IRQHandler                           0x080001cb   Thumb Code     0  startup_stm32f103xb.o(.text)
    RTC_Alarm_IRQHandler                     0x080001cb   Thumb Code     0  startup_stm32f103xb.o(.text)
    RTC_IRQHandler                           0x080001cb   Thumb Code     0  startup_stm32f103xb.o(.text)
    SPI1_IRQHandler                          0x080001cb   Thumb Code     0  startup_stm32f103xb.o(.text)
    SPI2_IRQHandler                          0x080001cb   Thumb Code     0  startup_stm32f103xb.o(.text)
    TAMPER_IRQHandler                        0x080001cb   Thumb Code     0  startup_stm32f103xb.o(.text)
    TIM1_BRK_IRQHandler                      0x080001cb   Thumb Code     0  startup_stm32f103xb.o(.text)
    TIM1_CC_IRQHandler                       0x080001cb   Thumb Code     0  startup_stm32f103xb.o(.text)
    TIM1_TRG_COM_IRQHandler                  0x080001cb   Thumb Code     0  startup_stm32f103xb.o(.text)
    TIM1_UP_IRQHandler                       0x080001cb   Thumb Code     0  startup_stm32f103xb.o(.text)
    TIM2_IRQHandler                          0x080001cb   Thumb Code     0  startup_stm32f103xb.o(.text)
    TIM3_IRQHandler                          0x080001cb   Thumb Code     0  startup_stm32f103xb.o(.text)
    TIM4_IRQHandler                          0x080001cb   Thumb Code     0  startup_stm32f103xb.o(.text)
    USART2_IRQHandler                        0x080001cb   Thumb Code     0  startup_stm32f103xb.o(.text)
    USART3_IRQHandler                        0x080001cb   Thumb Code     0  startup_stm32f103xb.o(.text)
    USBWakeUp_IRQHandler                     0x080001cb   Thumb Code     0  startup_stm32f103xb.o(.text)
    USB_HP_CAN1_TX_IRQHandler                0x080001cb   Thumb Code     0  startup_stm32f103xb.o(.text)
    USB_LP_CAN1_RX0_IRQHandler               0x080001cb   Thumb Code     0  startup_stm32f103xb.o(.text)
    WWDG_IRQHandler                          0x080001cb   Thumb Code     0  startup_stm32f103xb.o(.text)
    __user_initial_stackheap                 0x080001cd   Thumb Code     0  startup_stm32f103xb.o(.text)
    __2sprintf                               0x080001f1   Thumb Code    38  __2sprintf.o(.text)
    __printf                                 0x0800021d   Thumb Code   104  __printf.o(.text)
    _printf_str                              0x08000285   Thumb Code    82  _printf_str.o(.text)
    _printf_int_dec                          0x080002d9   Thumb Code   104  _printf_dec.o(.text)
    atoi                                     0x08000351   Thumb Code    26  atoi.o(.text)
    strcpy                                   0x0800036b   Thumb Code    72  strcpy.o(.text)
    strlen                                   0x080003b3   Thumb Code    62  strlen.o(.text)
    __aeabi_memcpy4                          0x080003f1   Thumb Code     0  rt_memcpy_w.o(.text)
    __aeabi_memcpy8                          0x080003f1   Thumb Code     0  rt_memcpy_w.o(.text)
    __rt_memcpy_w                            0x080003f1   Thumb Code   100  rt_memcpy_w.o(.text)
    _memcpy_lastbytes_aligned                0x08000439   Thumb Code     0  rt_memcpy_w.o(.text)
    __aeabi_memclr                           0x08000455   Thumb Code     0  rt_memclr.o(.text)
    __rt_memclr                              0x08000455   Thumb Code     0  rt_memclr.o(.text)
    _memset                                  0x08000459   Thumb Code    64  rt_memclr.o(.text)
    __aeabi_memclr4                          0x08000499   Thumb Code     0  rt_memclr_w.o(.text)
    __aeabi_memclr8                          0x08000499   Thumb Code     0  rt_memclr_w.o(.text)
    __rt_memclr_w                            0x08000499   Thumb Code     0  rt_memclr_w.o(.text)
    _memset_w                                0x0800049d   Thumb Code    74  rt_memclr_w.o(.text)
    __use_two_region_memory                  0x080004e7   Thumb Code     2  heapauxi.o(.text)
    __rt_heap_escrow$2region                 0x080004e9   Thumb Code     2  heapauxi.o(.text)
    __rt_heap_expand$2region                 0x080004eb   Thumb Code     2  heapauxi.o(.text)
    __aeabi_errno_addr                       0x080004ed   Thumb Code     8  rt_errno_addr_intlibspace.o(.text)
    __errno$intlibspace                      0x080004ed   Thumb Code     0  rt_errno_addr_intlibspace.o(.text)
    __rt_errno_addr$intlibspace              0x080004ed   Thumb Code     0  rt_errno_addr_intlibspace.o(.text)
    _printf_int_common                       0x080004f5   Thumb Code   178  _printf_intcommon.o(.text)
    _printf_char_common                      0x080005b3   Thumb Code    32  _printf_char_common.o(.text)
    _sputc                                   0x080005d9   Thumb Code    10  _sputc.o(.text)
    _printf_cs_common                        0x080005e3   Thumb Code    20  _printf_char.o(.text)
    _printf_char                             0x080005f7   Thumb Code    16  _printf_char.o(.text)
    _printf_string                           0x08000607   Thumb Code     8  _printf_char.o(.text)
    strtol                                   0x0800060f   Thumb Code   112  strtol.o(.text)
    __user_libspace                          0x08000681   Thumb Code     8  libspace.o(.text)
    __user_perproc_libspace                  0x08000681   Thumb Code     0  libspace.o(.text)
    __user_perthread_libspace                0x08000681   Thumb Code     0  libspace.o(.text)
    __rt_ctype_table                         0x08000689   Thumb Code    16  rt_ctype_table.o(.text)
    _strtoul                                 0x08000699   Thumb Code   158  _strtoul.o(.text)
    __user_setup_stackheap                   0x08000737   Thumb Code    74  sys_stackheap_outer.o(.text)
    __rt_locale                              0x08000781   Thumb Code     8  rt_locale_intlibspace.o(.text)
    _chval                                   0x08000789   Thumb Code    28  _chval.o(.text)
    exit                                     0x080007a5   Thumb Code    18  exit.o(.text)
    strcmp                                   0x080007b9   Thumb Code   128  strcmpv7m.o(.text)
    _sys_exit                                0x08000839   Thumb Code     8  sys_exit.o(.text)
    __I$use$semihosting                      0x08000845   Thumb Code     0  use_no_semi.o(.text)
    __use_no_semihosting_swi                 0x08000845   Thumb Code     2  use_no_semi.o(.text)
    __semihosting_library_function           0x08000847   Thumb Code     0  indicate_semi.o(.text)
    BusFault_Handler                         0x08000849   Thumb Code     2  stm32f1xx_it.o(.text.BusFault_Handler)
    DebugMon_Handler                         0x0800084d   Thumb Code     2  stm32f1xx_it.o(.text.DebugMon_Handler)
    EXTI15_10_IRQHandler                     0x08000851   Thumb Code     8  stm32f1xx_it.o(.text.EXTI15_10_IRQHandler)
    FATFS_LinkDriver                         0x08000859   Thumb Code    76  ff_gen_drv.o(.text.FATFS_LinkDriver)
    HAL_DMA_Abort                            0x080008a5   Thumb Code    70  stm32f1xx_hal_dma.o(.text.HAL_DMA_Abort)
    HAL_DMA_Abort_IT                         0x080008ed   Thumb Code   170  stm32f1xx_hal_dma.o(.text.HAL_DMA_Abort_IT)
    HAL_Delay                                0x08000999   Thumb Code    40  stm32f1xx_hal.o(.text.HAL_Delay)
    HAL_GPIO_EXTI_Callback                   0x080009c1   Thumb Code     2  main.o(.text.HAL_GPIO_EXTI_Callback)
    HAL_GPIO_EXTI_IRQHandler                 0x080009c5   Thumb Code    22  stm32f1xx_hal_gpio.o(.text.HAL_GPIO_EXTI_IRQHandler)
    HAL_GPIO_Init                            0x080009dd   Thumb Code   526  stm32f1xx_hal_gpio.o(.text.HAL_GPIO_Init)
    HAL_GPIO_ReadPin                         0x08000bed   Thumb Code    10  stm32f1xx_hal_gpio.o(.text.HAL_GPIO_ReadPin)
    HAL_GPIO_WritePin                        0x08000bf9   Thumb Code    10  stm32f1xx_hal_gpio.o(.text.HAL_GPIO_WritePin)
    HAL_GetTick                              0x08000c05   Thumb Code    12  stm32f1xx_hal.o(.text.HAL_GetTick)
    HAL_IncTick                              0x08000c11   Thumb Code    26  stm32f1xx_hal.o(.text.HAL_IncTick)
    HAL_Init                                 0x08000c2d   Thumb Code    38  stm32f1xx_hal.o(.text.HAL_Init)
    HAL_InitTick                             0x08000c55   Thumb Code    72  stm32f1xx_hal.o(.text.HAL_InitTick)
    HAL_MspInit                              0x08000c9d   Thumb Code    66  stm32f1xx_hal_msp.o(.text.HAL_MspInit)
    HAL_NVIC_EnableIRQ                       0x08000ce1   Thumb Code    32  stm32f1xx_hal_cortex.o(.text.HAL_NVIC_EnableIRQ)
    HAL_NVIC_SetPriority                     0x08000d01   Thumb Code    86  stm32f1xx_hal_cortex.o(.text.HAL_NVIC_SetPriority)
    HAL_NVIC_SetPriorityGrouping             0x08000d59   Thumb Code    32  stm32f1xx_hal_cortex.o(.text.HAL_NVIC_SetPriorityGrouping)
    HAL_RCC_ClockConfig                      0x08000d79   Thumb Code   446  stm32f1xx_hal_rcc.o(.text.HAL_RCC_ClockConfig)
    HAL_RCC_GetPCLK1Freq                     0x08000f39   Thumb Code    38  stm32f1xx_hal_rcc.o(.text.HAL_RCC_GetPCLK1Freq)
    HAL_RCC_GetPCLK2Freq                     0x08000f61   Thumb Code    38  stm32f1xx_hal_rcc.o(.text.HAL_RCC_GetPCLK2Freq)
    HAL_RCC_OscConfig                        0x08000f89   Thumb Code   948  stm32f1xx_hal_rcc.o(.text.HAL_RCC_OscConfig)
    HAL_SPI_Init                             0x0800133d   Thumb Code   180  stm32f1xx_hal_spi.o(.text.HAL_SPI_Init)
    HAL_SPI_MspInit                          0x080013f1   Thumb Code   118  stm32f1xx_hal_msp.o(.text.HAL_SPI_MspInit)
    HAL_SPI_Transmit                         0x08001469   Thumb Code   476  stm32f1xx_hal_spi.o(.text.HAL_SPI_Transmit)
    HAL_SPI_TransmitReceive                  0x08001645   Thumb Code   684  stm32f1xx_hal_spi.o(.text.HAL_SPI_TransmitReceive)
    HAL_SYSTICK_Config                       0x080018f1   Thumb Code    44  stm32f1xx_hal_cortex.o(.text.HAL_SYSTICK_Config)
    HAL_UARTEx_RxEventCallback               0x0800191d   Thumb Code     2  stm32f1xx_hal_uart.o(.text.HAL_UARTEx_RxEventCallback)
    HAL_UART_AbortCpltCallback               0x08001921   Thumb Code     2  stm32f1xx_hal_uart.o(.text.HAL_UART_AbortCpltCallback)
    HAL_UART_Abort_IT                        0x08001925   Thumb Code   180  stm32f1xx_hal_uart.o(.text.HAL_UART_Abort_IT)
    HAL_UART_ErrorCallback                   0x080019d9   Thumb Code     2  stm32f1xx_hal_uart.o(.text.HAL_UART_ErrorCallback)
    HAL_UART_IRQHandler                      0x080019dd   Thumb Code   610  stm32f1xx_hal_uart.o(.text.HAL_UART_IRQHandler)
    HAL_UART_Init                            0x08001c41   Thumb Code   220  stm32f1xx_hal_uart.o(.text.HAL_UART_Init)
    HAL_UART_MspInit                         0x08001d1d   Thumb Code   138  stm32f1xx_hal_msp.o(.text.HAL_UART_MspInit)
    HAL_UART_Receive_IT                      0x08001da9   Thumb Code    86  stm32f1xx_hal_uart.o(.text.HAL_UART_Receive_IT)
    HAL_UART_RxCpltCallback                  0x08001e01   Thumb Code    50  main.o(.text.HAL_UART_RxCpltCallback)
    HAL_UART_Transmit                        0x08001e35   Thumb Code   432  stm32f1xx_hal_uart.o(.text.HAL_UART_Transmit)
    HAL_UART_TxCpltCallback                  0x08001fe5   Thumb Code     2  stm32f1xx_hal_uart.o(.text.HAL_UART_TxCpltCallback)
    HardFault_Handler                        0x08001fe9   Thumb Code     2  stm32f1xx_it.o(.text.HardFault_Handler)
    MX_FATFS_Init                            0x08001fed   Thumb Code    28  fatfs.o(.text.MX_FATFS_Init)
    MemManage_Handler                        0x08002009   Thumb Code     2  stm32f1xx_it.o(.text.MemManage_Handler)
    NMI_Handler                              0x0800200d   Thumb Code     2  stm32f1xx_it.o(.text.NMI_Handler)
    PendSV_Handler                           0x08002011   Thumb Code     2  stm32f1xx_it.o(.text.PendSV_Handler)
    SD_disk_initialize                       0x080028cd   Thumb Code   888  fatfs_sd.o(.text.SD_disk_initialize)
    SD_disk_ioctl                            0x08002c45   Thumb Code   862  fatfs_sd.o(.text.SD_disk_ioctl)
    SD_disk_read                             0x08002fa5   Thumb Code   270  fatfs_sd.o(.text.SD_disk_read)
    SD_disk_status                           0x080030b5   Thumb Code    20  fatfs_sd.o(.text.SD_disk_status)
    SD_disk_write                            0x080030c9   Thumb Code   440  fatfs_sd.o(.text.SD_disk_write)
    SVC_Handler                              0x08003365   Thumb Code     2  stm32f1xx_it.o(.text.SVC_Handler)
    SysTick_Handler                          0x08003369   Thumb Code    54  stm32f1xx_it.o(.text.SysTick_Handler)
    SystemInit                               0x080033a1   Thumb Code     2  system_stm32f1xx.o(.text.SystemInit)
    USART1_IRQHandler                        0x080034c1   Thumb Code    12  stm32f1xx_it.o(.text.USART1_IRQHandler)
    USER_initialize                          0x080034cd   Thumb Code     4  user_diskio.o(.text.USER_initialize)
    USER_ioctl                               0x080034d1   Thumb Code     4  user_diskio.o(.text.USER_ioctl)
    USER_read                                0x080034d5   Thumb Code     4  user_diskio.o(.text.USER_read)
    USER_status                              0x080034d9   Thumb Code     4  user_diskio.o(.text.USER_status)
    USER_write                               0x080034dd   Thumb Code     4  user_diskio.o(.text.USER_write)
    UsageFault_Handler                       0x080034e1   Thumb Code     2  stm32f1xx_it.o(.text.UsageFault_Handler)
    disk_initialize                          0x08004b95   Thumb Code    36  diskio.o(.text.disk_initialize)
    disk_ioctl                               0x08004bb9   Thumb Code    22  diskio.o(.text.disk_ioctl)
    disk_read                                0x08004bd1   Thumb Code    32  diskio.o(.text.disk_read)
    disk_status                              0x08004bf1   Thumb Code    22  diskio.o(.text.disk_status)
    disk_write                               0x08004c09   Thumb Code    32  diskio.o(.text.disk_write)
    displayScore                             0x08004c29   Thumb Code   612  main.o(.text.displayScore)
    displayqAB                               0x08004ead   Thumb Code   946  main.o(.text.displayqAB)
    displayqABC                              0x08005261   Thumb Code   958  main.o(.text.displayqABC)
    f_close                                  0x08005621   Thumb Code   112  ff.o(.text.f_close)
    f_gets                                   0x08005691   Thumb Code   108  ff.o(.text.f_gets)
    f_lseek                                  0x080056fd   Thumb Code   898  ff.o(.text.f_lseek)
    f_mount                                  0x08005a81   Thumb Code   296  ff.o(.text.f_mount)
    f_open                                   0x08005ba9   Thumb Code  1094  ff.o(.text.f_open)
    f_puts                                   0x08005ff1   Thumb Code   214  ff.o(.text.f_puts)
    f_read                                   0x080060c9   Thumb Code   818  ff.o(.text.f_read)
    f_sync                                   0x080063fd   Thumb Code   348  ff.o(.text.f_sync)
    f_truncate                               0x08006559   Thumb Code   454  ff.o(.text.f_truncate)
    f_unlink                                 0x08006721   Thumb Code   444  ff.o(.text.f_unlink)
    f_write                                  0x080068dd   Thumb Code   890  ff.o(.text.f_write)
    ff_convert                               0x08006c59   Thumb Code   318  ccsbcs.o(.text.ff_convert)
    ff_wtoupper                              0x08006d99   Thumb Code   150  ccsbcs.o(.text.ff_wtoupper)
    get_fat                                  0x080077a5   Thumb Code   744  ff.o(.text.get_fat)
    get_fattime                              0x08007a8d   Thumb Code     4  fatfs.o(.text.get_fattime)
    inputKey                                 0x08007a91   Thumb Code   196  main.o(.text.inputKey)
    main                                     0x08007b55   Thumb Code 12500  main.o(.text.main)
    put_fat                                  0x0800ac35   Thumb Code   824  ff.o(.text.put_fat)
    _get_lc_ctype                            0x0800b03d   Thumb Code    44  lc_ctype_c.o(locale$$code)
    AHBPrescTable                            0x0800b06a   Data          16  system_stm32f1xx.o(.rodata.AHBPrescTable)
    APBPrescTable                            0x0800b07a   Data           8  system_stm32f1xx.o(.rodata.APBPrescTable)
    Region$$Table$$Base                      0x0800b834   Number         0  anon$$obj.o(Region$$Table)
    Region$$Table$$Limit                     0x0800b854   Number         0  anon$$obj.o(Region$$Table)
    __ctype                                  0x0800b861   Data           0  lc_ctype_c.o(locale$$data)
    button                                   0x20000000   Data           4  main.o(.data..L_MergedGlobals)
    FOOTER                                   0x20000004   Data          30  main.o(.data..L_MergedGlobals)
    uwTickFreq                               0x20000024   Data           1  stm32f1xx_hal.o(.data..L_MergedGlobals)
    uwTickPrio                               0x20000028   Data           4  stm32f1xx_hal.o(.data..L_MergedGlobals)
    SystemCoreClock                          0x20000030   Data           4  system_stm32f1xx.o(.data.SystemCoreClock)
    USER_Driver                              0x20000034   Data          20  user_diskio.o(.data.USER_Driver)
    __libspace_start                         0x20000048   Data          96  libspace.o(.bss)
    FatFsCnt                                 0x200000a8   Data           1  stm32f1xx_it.o(.bss..L_MergedGlobals)
    __temporary_stack_top$libspace           0x200000a8   Data           0  libspace.o(.bss)
    Timer1                                   0x200000aa   Data           2  stm32f1xx_it.o(.bss..L_MergedGlobals)
    Timer2                                   0x200000ac   Data           2  stm32f1xx_it.o(.bss..L_MergedGlobals)
    retUSER                                  0x200000b0   Data           1  fatfs.o(.bss..L_MergedGlobals)
    USERPath                                 0x200000b1   Data           4  fatfs.o(.bss..L_MergedGlobals)
    fresult                                  0x200000d8   Data           1  main.o(.bss..L_MergedGlobals.74)
    fmount                                   0x200000d9   Data           1  main.o(.bss..L_MergedGlobals.74)
    buffA                                    0x200000da   Data           1  main.o(.bss..L_MergedGlobals.74)
    buffB                                    0x200000db   Data           1  main.o(.bss..L_MergedGlobals.74)
    buffC                                    0x200000dc   Data           1  main.o(.bss..L_MergedGlobals.74)
    buffQ                                    0x200000dd   Data           1  main.o(.bss..L_MergedGlobals.74)
    step                                     0x200000e0   Data           4  main.o(.bss..L_MergedGlobals.74)
    stepQuestion                             0x200000e4   Data           4  main.o(.bss..L_MergedGlobals.74)
    stepEdit                                 0x200000e8   Data           4  main.o(.bss..L_MergedGlobals.74)
    cntKey                                   0x200000ec   Data           4  main.o(.bss..L_MergedGlobals.74)
    readA                                    0x200000f0   Data           4  main.o(.bss..L_MergedGlobals.74)
    readB                                    0x200000f4   Data           4  main.o(.bss..L_MergedGlobals.74)
    readC                                    0x200000f8   Data           4  main.o(.bss..L_MergedGlobals.74)
    readQ                                    0x200000fc   Data           4  main.o(.bss..L_MergedGlobals.74)
    answer                                   0x20000100   Data           4  main.o(.bss..L_MergedGlobals.74)
    correctAnswer                            0x20000104   Data           4  main.o(.bss..L_MergedGlobals.74)
    lastTBuzz                                0x20000108   Data           4  main.o(.bss..L_MergedGlobals.74)
    pointerQ                                 0x2000010c   Data           4  main.o(.bss..L_MergedGlobals.74)
    totalQuestion                            0x20000110   Data           4  main.o(.bss..L_MergedGlobals.74)
    j                                        0x20000114   Data           4  main.o(.bss..L_MergedGlobals.74)
    stepQ                                    0x20000118   Data           4  main.o(.bss..L_MergedGlobals.74)
    stepDelete                               0x2000011c   Data           4  main.o(.bss..L_MergedGlobals.74)
    questionType                             0x20000120   Data           4  main.o(.bss..L_MergedGlobals.74)
    bw                                       0x20000124   Data           4  main.o(.bss..L_MergedGlobals.74)
    SPlast                                   0x20000128   Data           4  main.o(.bss..L_MergedGlobals.74)
    SPnow                                    0x2000012c   Data           4  main.o(.bss..L_MergedGlobals.74)
    br                                       0x20000130   Data           4  main.o(.bss..L_MergedGlobals.74)
    Rx_Data                                  0x20000134   Data           7  main.o(.bss..L_MergedGlobals.74)
    buffer                                   0x2000033c   Data         128  main.o(.bss.buffer)
    bufferQuestion                           0x200003bc   Data         100  main.o(.bss.bufferQuestion)
    bufferX                                  0x20000420   Data         100  main.o(.bss.bufferX)
    data                                     0x20000484   Data         300  main.o(.bss.data)
    disk                                     0x200005b0   Data          12  ff_gen_drv.o(.bss.disk)
    fil                                      0x200005bc   Data        4140  main.o(.bss.fil)
    fs                                       0x200015e8   Data        4144  main.o(.bss.fs)
    hspi1                                    0x20002618   Data          88  main.o(.bss.hspi1)
    huart1                                   0x20002670   Data          68  main.o(.bss.huart1)
    inA                                      0x200026b4   Data         400  main.o(.bss.inA)
    inB                                      0x20002844   Data         400  main.o(.bss.inB)
    inC                                      0x200029d4   Data         400  main.o(.bss.inC)
    inQ                                      0x20002b64   Data         400  main.o(.bss.inQ)
    inputList                                0x20002cf4   Data        3000  main.o(.bss.inputList)
    qType                                    0x200038ac   Data         400  main.o(.bss.qType)
    questionList                             0x20003a3c   Data        3000  main.o(.bss.questionList)
    uwTick                                   0x200045f4   Data           4  stm32f1xx_hal.o(.bss.uwTick)



==============================================================================

Memory Map of the image

  Image Entry point : 0x080000ed

  Load Region LR_IROM1 (Base: 0x08000000, Size: 0x0000b9b0, Max: 0x00010000, ABSOLUTE)

    Execution Region ER_IROM1 (Exec base: 0x08000000, Load base: 0x08000000, Size: 0x0000b964, Max: 0x00010000, ABSOLUTE)

    Exec Addr    Load Addr    Size         Type   Attr      Idx    E Section Name        Object

    0x08000000   0x08000000   0x000000ec   Data   RO            3    RESET               startup_stm32f103xb.o
    0x080000ec   0x080000ec   0x00000008   Code   RO          981  * !!!main             c_w.l(__main.o)
    0x080000f4   0x080000f4   0x00000034   Code   RO         1178    !!!scatter          c_w.l(__scatter.o)
    0x08000128   0x08000128   0x0000001a   Code   RO         1180    !!handler_copy      c_w.l(__scatter_copy.o)
    0x08000142   0x08000142   0x00000002   PAD
    0x08000144   0x08000144   0x0000001c   Code   RO         1182    !!handler_zi        c_w.l(__scatter_zi.o)
    0x08000160   0x08000160   0x00000000   Code   RO          964    .ARM.Collect$$_printf_percent$$00000000  c_w.l(_printf_percent.o)
    0x08000160   0x08000160   0x00000006   Code   RO          963    .ARM.Collect$$_printf_percent$$00000009  c_w.l(_printf_d.o)
    0x08000166   0x08000166   0x00000006   Code   RO          961    .ARM.Collect$$_printf_percent$$00000013  c_w.l(_printf_c.o)
    0x0800016c   0x0800016c   0x00000006   Code   RO          962    .ARM.Collect$$_printf_percent$$00000014  c_w.l(_printf_s.o)
    0x08000172   0x08000172   0x00000004   Code   RO          997    .ARM.Collect$$_printf_percent$$00000017  c_w.l(_printf_percent_end.o)
    0x08000176   0x08000176   0x00000002   Code   RO         1043    .ARM.Collect$$libinit$$00000000  c_w.l(libinit.o)
    0x08000178   0x08000178   0x00000000   Code   RO         1049    .ARM.Collect$$libinit$$00000002  c_w.l(libinit2.o)
    0x08000178   0x08000178   0x00000000   Code   RO         1051    .ARM.Collect$$libinit$$00000004  c_w.l(libinit2.o)
    0x08000178   0x08000178   0x00000000   Code   RO         1054    .ARM.Collect$$libinit$$0000000A  c_w.l(libinit2.o)
    0x08000178   0x08000178   0x00000000   Code   RO         1056    .ARM.Collect$$libinit$$0000000C  c_w.l(libinit2.o)
    0x08000178   0x08000178   0x00000000   Code   RO         1058    .ARM.Collect$$libinit$$0000000E  c_w.l(libinit2.o)
    0x08000178   0x08000178   0x00000006   Code   RO         1059    .ARM.Collect$$libinit$$0000000F  c_w.l(libinit2.o)
    0x0800017e   0x0800017e   0x00000000   Code   RO         1061    .ARM.Collect$$libinit$$00000011  c_w.l(libinit2.o)
    0x0800017e   0x0800017e   0x0000000c   Code   RO         1062    .ARM.Collect$$libinit$$00000012  c_w.l(libinit2.o)
    0x0800018a   0x0800018a   0x00000000   Code   RO         1063    .ARM.Collect$$libinit$$00000013  c_w.l(libinit2.o)
    0x0800018a   0x0800018a   0x00000000   Code   RO         1065    .ARM.Collect$$libinit$$00000015  c_w.l(libinit2.o)
    0x0800018a   0x0800018a   0x00000000   Code   RO         1067    .ARM.Collect$$libinit$$00000017  c_w.l(libinit2.o)
    0x0800018a   0x0800018a   0x00000000   Code   RO         1069    .ARM.Collect$$libinit$$00000019  c_w.l(libinit2.o)
    0x0800018a   0x0800018a   0x00000000   Code   RO         1071    .ARM.Collect$$libinit$$0000001B  c_w.l(libinit2.o)
    0x0800018a   0x0800018a   0x00000000   Code   RO         1073    .ARM.Collect$$libinit$$0000001D  c_w.l(libinit2.o)
    0x0800018a   0x0800018a   0x00000000   Code   RO         1075    .ARM.Collect$$libinit$$0000001F  c_w.l(libinit2.o)
    0x0800018a   0x0800018a   0x00000000   Code   RO         1077    .ARM.Collect$$libinit$$00000021  c_w.l(libinit2.o)
    0x0800018a   0x0800018a   0x00000000   Code   RO         1079    .ARM.Collect$$libinit$$00000023  c_w.l(libinit2.o)
    0x0800018a   0x0800018a   0x00000000   Code   RO         1081    .ARM.Collect$$libinit$$00000025  c_w.l(libinit2.o)
    0x0800018a   0x0800018a   0x00000000   Code   RO         1085    .ARM.Collect$$libinit$$0000002C  c_w.l(libinit2.o)
    0x0800018a   0x0800018a   0x00000000   Code   RO         1087    .ARM.Collect$$libinit$$0000002E  c_w.l(libinit2.o)
    0x0800018a   0x0800018a   0x00000000   Code   RO         1089    .ARM.Collect$$libinit$$00000030  c_w.l(libinit2.o)
    0x0800018a   0x0800018a   0x00000000   Code   RO         1091    .ARM.Collect$$libinit$$00000032  c_w.l(libinit2.o)
    0x0800018a   0x0800018a   0x00000002   Code   RO         1092    .ARM.Collect$$libinit$$00000033  c_w.l(libinit2.o)
    0x0800018c   0x0800018c   0x00000002   Code   RO         1114    .ARM.Collect$$libshutdown$$00000000  c_w.l(libshutdown.o)
    0x0800018e   0x0800018e   0x00000000   Code   RO         1129    .ARM.Collect$$libshutdown$$00000002  c_w.l(libshutdown2.o)
    0x0800018e   0x0800018e   0x00000000   Code   RO         1131    .ARM.Collect$$libshutdown$$00000004  c_w.l(libshutdown2.o)
    0x0800018e   0x0800018e   0x00000000   Code   RO         1134    .ARM.Collect$$libshutdown$$00000007  c_w.l(libshutdown2.o)
    0x0800018e   0x0800018e   0x00000000   Code   RO         1137    .ARM.Collect$$libshutdown$$0000000A  c_w.l(libshutdown2.o)
    0x0800018e   0x0800018e   0x00000000   Code   RO         1139    .ARM.Collect$$libshutdown$$0000000C  c_w.l(libshutdown2.o)
    0x0800018e   0x0800018e   0x00000000   Code   RO         1142    .ARM.Collect$$libshutdown$$0000000F  c_w.l(libshutdown2.o)
    0x0800018e   0x0800018e   0x00000002   Code   RO         1143    .ARM.Collect$$libshutdown$$00000010  c_w.l(libshutdown2.o)
    0x08000190   0x08000190   0x00000000   Code   RO          983    .ARM.Collect$$rtentry$$00000000  c_w.l(__rtentry.o)
    0x08000190   0x08000190   0x00000000   Code   RO         1004    .ARM.Collect$$rtentry$$00000002  c_w.l(__rtentry2.o)
    0x08000190   0x08000190   0x00000006   Code   RO         1016    .ARM.Collect$$rtentry$$00000004  c_w.l(__rtentry4.o)
    0x08000196   0x08000196   0x00000000   Code   RO         1006    .ARM.Collect$$rtentry$$00000009  c_w.l(__rtentry2.o)
    0x08000196   0x08000196   0x00000004   Code   RO         1007    .ARM.Collect$$rtentry$$0000000A  c_w.l(__rtentry2.o)
    0x0800019a   0x0800019a   0x00000000   Code   RO         1009    .ARM.Collect$$rtentry$$0000000C  c_w.l(__rtentry2.o)
    0x0800019a   0x0800019a   0x00000008   Code   RO         1010    .ARM.Collect$$rtentry$$0000000D  c_w.l(__rtentry2.o)
    0x080001a2   0x080001a2   0x00000002   Code   RO         1044    .ARM.Collect$$rtexit$$00000000  c_w.l(rtexit.o)
    0x080001a4   0x080001a4   0x00000000   Code   RO         1094    .ARM.Collect$$rtexit$$00000002  c_w.l(rtexit2.o)
    0x080001a4   0x080001a4   0x00000004   Code   RO         1095    .ARM.Collect$$rtexit$$00000003  c_w.l(rtexit2.o)
    0x080001a8   0x080001a8   0x00000006   Code   RO         1096    .ARM.Collect$$rtexit$$00000004  c_w.l(rtexit2.o)
    0x080001ae   0x080001ae   0x00000002   PAD
    0x080001b0   0x080001b0   0x00000040   Code   RO            4    .text               startup_stm32f103xb.o
    0x080001f0   0x080001f0   0x0000002c   Code   RO          931    .text               c_w.l(__2sprintf.o)
    0x0800021c   0x0800021c   0x00000068   Code   RO          935    .text               c_w.l(__printf.o)
    0x08000284   0x08000284   0x00000052   Code   RO          937    .text               c_w.l(_printf_str.o)
    0x080002d6   0x080002d6   0x00000002   PAD
    0x080002d8   0x080002d8   0x00000078   Code   RO          939    .text               c_w.l(_printf_dec.o)
    0x08000350   0x08000350   0x0000001a   Code   RO          965    .text               c_w.l(atoi.o)
    0x0800036a   0x0800036a   0x00000048   Code   RO          967    .text               c_w.l(strcpy.o)
    0x080003b2   0x080003b2   0x0000003e   Code   RO          969    .text               c_w.l(strlen.o)
    0x080003f0   0x080003f0   0x00000064   Code   RO          973    .text               c_w.l(rt_memcpy_w.o)
    0x08000454   0x08000454   0x00000044   Code   RO          975    .text               c_w.l(rt_memclr.o)
    0x08000498   0x08000498   0x0000004e   Code   RO          977    .text               c_w.l(rt_memclr_w.o)
    0x080004e6   0x080004e6   0x00000006   Code   RO          979    .text               c_w.l(heapauxi.o)
    0x080004ec   0x080004ec   0x00000008   Code   RO          987    .text               c_w.l(rt_errno_addr_intlibspace.o)
    0x080004f4   0x080004f4   0x000000b2   Code   RO          989    .text               c_w.l(_printf_intcommon.o)
    0x080005a6   0x080005a6   0x00000002   PAD
    0x080005a8   0x080005a8   0x00000030   Code   RO          991    .text               c_w.l(_printf_char_common.o)
    0x080005d8   0x080005d8   0x0000000a   Code   RO          993    .text               c_w.l(_sputc.o)
    0x080005e2   0x080005e2   0x0000002c   Code   RO          995    .text               c_w.l(_printf_char.o)
    0x0800060e   0x0800060e   0x00000070   Code   RO          998    .text               c_w.l(strtol.o)
    0x0800067e   0x0800067e   0x00000002   PAD
    0x08000680   0x08000680   0x00000008   Code   RO         1000    .text               c_w.l(libspace.o)
    0x08000688   0x08000688   0x00000010   Code   RO         1018    .text               c_w.l(rt_ctype_table.o)
    0x08000698   0x08000698   0x0000009e   Code   RO         1022    .text               c_w.l(_strtoul.o)
    0x08000736   0x08000736   0x0000004a   Code   RO         1024    .text               c_w.l(sys_stackheap_outer.o)
    0x08000780   0x08000780   0x00000008   Code   RO         1029    .text               c_w.l(rt_locale_intlibspace.o)
    0x08000788   0x08000788   0x0000001c   Code   RO         1031    .text               c_w.l(_chval.o)
    0x080007a4   0x080007a4   0x00000012   Code   RO         1036    .text               c_w.l(exit.o)
    0x080007b6   0x080007b6   0x00000002   PAD
    0x080007b8   0x080007b8   0x00000080   Code   RO         1046    .text               c_w.l(strcmpv7m.o)
    0x08000838   0x08000838   0x0000000c   Code   RO         1104    .text               c_w.l(sys_exit.o)
    0x08000844   0x08000844   0x00000002   Code   RO         1119    .text               c_w.l(use_no_semi.o)
    0x08000846   0x08000846   0x00000000   Code   RO         1121    .text               c_w.l(indicate_semi.o)
    0x08000846   0x08000846   0x00000002   PAD
    0x08000848   0x08000848   0x00000002   Code   RO           92    .text.BusFault_Handler  stm32f1xx_it.o
    0x0800084a   0x0800084a   0x00000002   PAD
    0x0800084c   0x0800084c   0x00000002   Code   RO           98    .text.DebugMon_Handler  stm32f1xx_it.o
    0x0800084e   0x0800084e   0x00000002   PAD
    0x08000850   0x08000850   0x00000008   Code   RO          106    .text.EXTI15_10_IRQHandler  stm32f1xx_it.o
    0x08000858   0x08000858   0x0000004c   Code   RO          898    .text.FATFS_LinkDriver  ff_gen_drv.o
    0x080008a4   0x080008a4   0x00000046   Code   RO          292    .text.HAL_DMA_Abort  stm32f1xx_hal_dma.o
    0x080008ea   0x080008ea   0x00000002   PAD
    0x080008ec   0x080008ec   0x000000aa   Code   RO          294    .text.HAL_DMA_Abort_IT  stm32f1xx_hal_dma.o
    0x08000996   0x08000996   0x00000002   PAD
    0x08000998   0x08000998   0x00000028   Code   RO          168    .text.HAL_Delay     stm32f1xx_hal.o
    0x080009c0   0x080009c0   0x00000002   Code   RO           11    .text.HAL_GPIO_EXTI_Callback  main.o
    0x080009c2   0x080009c2   0x00000002   PAD
    0x080009c4   0x080009c4   0x00000016   Code   RO          272    .text.HAL_GPIO_EXTI_IRQHandler  stm32f1xx_hal_gpio.o
    0x080009da   0x080009da   0x00000002   PAD
    0x080009dc   0x080009dc   0x0000020e   Code   RO          260    .text.HAL_GPIO_Init  stm32f1xx_hal_gpio.o
    0x08000bea   0x08000bea   0x00000002   PAD
    0x08000bec   0x08000bec   0x0000000a   Code   RO          264    .text.HAL_GPIO_ReadPin  stm32f1xx_hal_gpio.o
    0x08000bf6   0x08000bf6   0x00000002   PAD
    0x08000bf8   0x08000bf8   0x0000000a   Code   RO          266    .text.HAL_GPIO_WritePin  stm32f1xx_hal_gpio.o
    0x08000c02   0x08000c02   0x00000002   PAD
    0x08000c04   0x08000c04   0x0000000c   Code   RO          160    .text.HAL_GetTick   stm32f1xx_hal.o
    0x08000c10   0x08000c10   0x0000001a   Code   RO          158    .text.HAL_IncTick   stm32f1xx_hal.o
    0x08000c2a   0x08000c2a   0x00000002   PAD
    0x08000c2c   0x08000c2c   0x00000026   Code   RO          148    .text.HAL_Init      stm32f1xx_hal.o
    0x08000c52   0x08000c52   0x00000002   PAD
    0x08000c54   0x08000c54   0x00000048   Code   RO          150    .text.HAL_InitTick  stm32f1xx_hal.o
    0x08000c9c   0x08000c9c   0x00000042   Code   RO          116    .text.HAL_MspInit   stm32f1xx_hal_msp.o
    0x08000cde   0x08000cde   0x00000002   PAD
    0x08000ce0   0x08000ce0   0x00000020   Code   RO          320    .text.HAL_NVIC_EnableIRQ  stm32f1xx_hal_cortex.o
    0x08000d00   0x08000d00   0x00000056   Code   RO          318    .text.HAL_NVIC_SetPriority  stm32f1xx_hal_cortex.o
    0x08000d56   0x08000d56   0x00000002   PAD
    0x08000d58   0x08000d58   0x00000020   Code   RO          316    .text.HAL_NVIC_SetPriorityGrouping  stm32f1xx_hal_cortex.o
    0x08000d78   0x08000d78   0x000001be   Code   RO          212    .text.HAL_RCC_ClockConfig  stm32f1xx_hal_rcc.o
    0x08000f36   0x08000f36   0x00000002   PAD
    0x08000f38   0x08000f38   0x00000026   Code   RO          224    .text.HAL_RCC_GetPCLK1Freq  stm32f1xx_hal_rcc.o
    0x08000f5e   0x08000f5e   0x00000002   PAD
    0x08000f60   0x08000f60   0x00000026   Code   RO          226    .text.HAL_RCC_GetPCLK2Freq  stm32f1xx_hal_rcc.o
    0x08000f86   0x08000f86   0x00000002   PAD
    0x08000f88   0x08000f88   0x000003b4   Code   RO          210    .text.HAL_RCC_OscConfig  stm32f1xx_hal_rcc.o
    0x0800133c   0x0800133c   0x000000b4   Code   RO          481    .text.HAL_SPI_Init  stm32f1xx_hal_spi.o
    0x080013f0   0x080013f0   0x00000076   Code   RO          118    .text.HAL_SPI_MspInit  stm32f1xx_hal_msp.o
    0x08001466   0x08001466   0x00000002   PAD
    0x08001468   0x08001468   0x000001dc   Code   RO          489    .text.HAL_SPI_Transmit  stm32f1xx_hal_spi.o
    0x08001644   0x08001644   0x000002ac   Code   RO          493    .text.HAL_SPI_TransmitReceive  stm32f1xx_hal_spi.o
    0x080018f0   0x080018f0   0x0000002c   Code   RO          328    .text.HAL_SYSTICK_Config  stm32f1xx_hal_cortex.o
    0x0800191c   0x0800191c   0x00000002   Code   RO          677    .text.HAL_UARTEx_RxEventCallback  stm32f1xx_hal_uart.o
    0x0800191e   0x0800191e   0x00000002   PAD
    0x08001920   0x08001920   0x00000002   Code   RO          655    .text.HAL_UART_AbortCpltCallback  stm32f1xx_hal_uart.o
    0x08001922   0x08001922   0x00000002   PAD
    0x08001924   0x08001924   0x000000b4   Code   RO          649    .text.HAL_UART_Abort_IT  stm32f1xx_hal_uart.o
    0x080019d8   0x080019d8   0x00000002   Code   RO          675    .text.HAL_UART_ErrorCallback  stm32f1xx_hal_uart.o
    0x080019da   0x080019da   0x00000002   PAD
    0x080019dc   0x080019dc   0x00000262   Code   RO          669    .text.HAL_UART_IRQHandler  stm32f1xx_hal_uart.o
    0x08001c3e   0x08001c3e   0x00000002   PAD
    0x08001c40   0x08001c40   0x000000dc   Code   RO          595    .text.HAL_UART_Init  stm32f1xx_hal_uart.o
    0x08001d1c   0x08001d1c   0x0000008a   Code   RO          122    .text.HAL_UART_MspInit  stm32f1xx_hal_msp.o
    0x08001da6   0x08001da6   0x00000002   PAD
    0x08001da8   0x08001da8   0x00000056   Code   RO          615    .text.HAL_UART_Receive_IT  stm32f1xx_hal_uart.o
    0x08001dfe   0x08001dfe   0x00000002   PAD
    0x08001e00   0x08001e00   0x00000032   Code   RO           21    .text.HAL_UART_RxCpltCallback  main.o
    0x08001e32   0x08001e32   0x00000002   PAD
    0x08001e34   0x08001e34   0x000001b0   Code   RO          609    .text.HAL_UART_Transmit  stm32f1xx_hal_uart.o
    0x08001fe4   0x08001fe4   0x00000002   Code   RO          679    .text.HAL_UART_TxCpltCallback  stm32f1xx_hal_uart.o
    0x08001fe6   0x08001fe6   0x00000002   PAD
    0x08001fe8   0x08001fe8   0x00000002   Code   RO           88    .text.HardFault_Handler  stm32f1xx_it.o
    0x08001fea   0x08001fea   0x00000002   PAD
    0x08001fec   0x08001fec   0x0000001c   Code   RO          774    .text.MX_FATFS_Init  fatfs.o
    0x08002008   0x08002008   0x00000002   Code   RO           90    .text.MemManage_Handler  stm32f1xx_it.o
    0x0800200a   0x0800200a   0x00000002   PAD
    0x0800200c   0x0800200c   0x00000002   Code   RO           86    .text.NMI_Handler   stm32f1xx_it.o
    0x0800200e   0x0800200e   0x00000002   PAD
    0x08002010   0x08002010   0x00000002   Code   RO          100    .text.PendSV_Handler  stm32f1xx_it.o
    0x08002012   0x08002012   0x00000002   PAD
    0x08002014   0x08002014   0x00000304   Code   RO          730    .text.SD_PowerOn    fatfs_sd.o
    0x08002318   0x08002318   0x00000156   Code   RO          738    .text.SD_RxDataBlock  fatfs_sd.o
    0x0800246e   0x0800246e   0x00000002   PAD
    0x08002470   0x08002470   0x00000258   Code   RO          732    .text.SD_SendCmd    fatfs_sd.o
    0x080026c8   0x080026c8   0x00000202   Code   RO          742    .text.SD_TxDataBlock  fatfs_sd.o
    0x080028ca   0x080028ca   0x00000002   PAD
    0x080028cc   0x080028cc   0x00000378   Code   RO          728    .text.SD_disk_initialize  fatfs_sd.o
    0x08002c44   0x08002c44   0x0000035e   Code   RO          744    .text.SD_disk_ioctl  fatfs_sd.o
    0x08002fa2   0x08002fa2   0x00000002   PAD
    0x08002fa4   0x08002fa4   0x0000010e   Code   RO          736    .text.SD_disk_read  fatfs_sd.o
    0x080030b2   0x080030b2   0x00000002   PAD
    0x080030b4   0x080030b4   0x00000014   Code   RO          734    .text.SD_disk_status  fatfs_sd.o
    0x080030c8   0x080030c8   0x000001b8   Code   RO          740    .text.SD_disk_write  fatfs_sd.o
    0x08003280   0x08003280   0x000000e4   Code   RO          583    .text.SPI_WaitFlagStateUntilTimeout  stm32f1xx_hal_spi.o
    0x08003364   0x08003364   0x00000002   Code   RO           96    .text.SVC_Handler   stm32f1xx_it.o
    0x08003366   0x08003366   0x00000002   PAD
    0x08003368   0x08003368   0x00000036   Code   RO          102    .text.SysTick_Handler  stm32f1xx_it.o
    0x0800339e   0x0800339e   0x00000002   PAD
    0x080033a0   0x080033a0   0x00000002   Code   RO          713    .text.SystemInit    system_stm32f1xx.o
    0x080033a2   0x080033a2   0x00000002   PAD
    0x080033a4   0x080033a4   0x0000000c   Code   RO          673    .text.UART_DMAAbortOnError  stm32f1xx_hal_uart.o
    0x080033b0   0x080033b0   0x0000002a   Code   RO          653    .text.UART_DMARxAbortCallback  stm32f1xx_hal_uart.o
    0x080033da   0x080033da   0x00000002   PAD
    0x080033dc   0x080033dc   0x0000002a   Code   RO          651    .text.UART_DMATxAbortCallback  stm32f1xx_hal_uart.o
    0x08003406   0x08003406   0x00000002   PAD
    0x08003408   0x08003408   0x000000b6   Code   RO          671    .text.UART_Receive_IT  stm32f1xx_hal_uart.o
    0x080034be   0x080034be   0x00000002   PAD
    0x080034c0   0x080034c0   0x0000000c   Code   RO          104    .text.USART1_IRQHandler  stm32f1xx_it.o
    0x080034cc   0x080034cc   0x00000004   Code   RO          756    .text.USER_initialize  user_diskio.o
    0x080034d0   0x080034d0   0x00000004   Code   RO          764    .text.USER_ioctl    user_diskio.o
    0x080034d4   0x080034d4   0x00000004   Code   RO          760    .text.USER_read     user_diskio.o
    0x080034d8   0x080034d8   0x00000004   Code   RO          758    .text.USER_status   user_diskio.o
    0x080034dc   0x080034dc   0x00000004   Code   RO          762    .text.USER_write    user_diskio.o
    0x080034e0   0x080034e0   0x00000002   Code   RO           94    .text.UsageFault_Handler  stm32f1xx_it.o
    0x080034e2   0x080034e2   0x00000002   PAD
    0x080034e4   0x080034e4   0x0000002a   Code   RO           43    .text.__NVIC_SystemReset  main.o
    0x0800350e   0x0800350e   0x00000002   PAD
    0x08003510   0x08003510   0x00000116   Code   RO          828    .text.create_chain  ff.o
    0x08003626   0x08003626   0x00000002   PAD
    0x08003628   0x08003628   0x000004ba   Code   RO          880    .text.dir_find      ff.o
    0x08003ae2   0x08003ae2   0x00000002   PAD
    0x08003ae4   0x08003ae4   0x0000028c   Code   RO          850    .text.dir_next      ff.o
    0x08003d70   0x08003d70   0x000003de   Code   RO          846    .text.dir_read      ff.o
    0x0800414e   0x0800414e   0x00000002   PAD
    0x08004150   0x08004150   0x00000840   Code   RO          822    .text.dir_register  ff.o
    0x08004990   0x08004990   0x0000013a   Code   RO          860    .text.dir_remove    ff.o
    0x08004aca   0x08004aca   0x00000002   PAD
    0x08004acc   0x08004acc   0x000000c6   Code   RO          840    .text.dir_sdi       ff.o
    0x08004b92   0x08004b92   0x00000002   PAD
    0x08004b94   0x08004b94   0x00000024   Code   RO          790    .text.disk_initialize  diskio.o
    0x08004bb8   0x08004bb8   0x00000016   Code   RO          796    .text.disk_ioctl    diskio.o
    0x08004bce   0x08004bce   0x00000002   PAD
    0x08004bd0   0x08004bd0   0x00000020   Code   RO          792    .text.disk_read     diskio.o
    0x08004bf0   0x08004bf0   0x00000016   Code   RO          788    .text.disk_status   diskio.o
    0x08004c06   0x08004c06   0x00000002   PAD
    0x08004c08   0x08004c08   0x00000020   Code   RO          794    .text.disk_write    diskio.o
    0x08004c28   0x08004c28   0x00000284   Code   RO           33    .text.displayScore  main.o
    0x08004eac   0x08004eac   0x000003b2   Code   RO           29    .text.displayqAB    main.o
    0x0800525e   0x0800525e   0x00000002   PAD
    0x08005260   0x08005260   0x000003be   Code   RO           31    .text.displayqABC   main.o
    0x0800561e   0x0800561e   0x00000002   PAD
    0x08005620   0x08005620   0x00000070   Code   RO          834    .text.f_close       ff.o
    0x08005690   0x08005690   0x0000006c   Code   RO          872    .text.f_gets        ff.o
    0x080056fc   0x080056fc   0x00000382   Code   RO          836    .text.f_lseek       ff.o
    0x08005a7e   0x08005a7e   0x00000002   PAD
    0x08005a80   0x08005a80   0x00000128   Code   RO          814    .text.f_mount       ff.o
    0x08005ba8   0x08005ba8   0x00000446   Code   RO          818    .text.f_open        ff.o
    0x08005fee   0x08005fee   0x00000002   PAD
    0x08005ff0   0x08005ff0   0x000000d6   Code   RO          876    .text.f_puts        ff.o
    0x080060c6   0x080060c6   0x00000002   PAD
    0x080060c8   0x080060c8   0x00000332   Code   RO          824    .text.f_read        ff.o
    0x080063fa   0x080063fa   0x00000002   PAD
    0x080063fc   0x080063fc   0x0000015c   Code   RO          830    .text.f_sync        ff.o
    0x08006558   0x08006558   0x000001c6   Code   RO          856    .text.f_truncate    ff.o
    0x0800671e   0x0800671e   0x00000002   PAD
    0x08006720   0x08006720   0x000001bc   Code   RO          858    .text.f_unlink      ff.o
    0x080068dc   0x080068dc   0x0000037a   Code   RO          826    .text.f_write       ff.o
    0x08006c56   0x08006c56   0x00000002   PAD
    0x08006c58   0x08006c58   0x0000013e   Code   RO          916    .text.ff_convert    ccsbcs.o
    0x08006d96   0x08006d96   0x00000002   PAD
    0x08006d98   0x08006d98   0x00000096   Code   RO          918    .text.ff_wtoupper   ccsbcs.o
    0x08006e2e   0x08006e2e   0x00000002   PAD
    0x08006e30   0x08006e30   0x000004c6   Code   RO          816    .text.find_volume   ff.o
    0x080072f6   0x080072f6   0x00000002   PAD
    0x080072f8   0x080072f8   0x000004ac   Code   RO          820    .text.follow_path   ff.o
    0x080077a4   0x080077a4   0x000002e8   Code   RO          810    .text.get_fat       ff.o
    0x08007a8c   0x08007a8c   0x00000004   Code   RO          776    .text.get_fattime   fatfs.o
    0x08007a90   0x08007a90   0x000000c4   Code   RO           13    .text.inputKey      main.o
    0x08007b54   0x08007b54   0x000030e0   Code   RO           39    .text.main          main.o
    0x0800ac34   0x0800ac34   0x00000338   Code   RO          812    .text.put_fat       ff.o
    0x0800af6c   0x0800af6c   0x000000ce   Code   RO          832    .text.sync_fs       ff.o
    0x0800b03a   0x0800b03a   0x00000002   PAD
    0x0800b03c   0x0800b03c   0x0000002c   Code   RO         1034    locale$$code        c_w.l(lc_ctype_c.o)
    0x0800b068   0x0800b068   0x00000002   Data   RO          237    .rodata..L__const.HAL_RCC_GetSysClockFreq.aPredivFactorTable  stm32f1xx_hal_rcc.o
    0x0800b06a   0x0800b06a   0x00000010   Data   RO          718    .rodata.AHBPrescTable  system_stm32f1xx.o
    0x0800b07a   0x0800b07a   0x00000008   Data   RO          719    .rodata.APBPrescTable  system_stm32f1xx.o
    0x0800b082   0x0800b082   0x00000080   Data   RO          886    .rodata.ExCvt       ff.o
    0x0800b102   0x0800b102   0x00000100   Data   RO          920    .rodata.Tbl         ccsbcs.o
    0x0800b202   0x0800b202   0x00000010   Data   RO          236    .rodata.cst16       stm32f1xx_hal_rcc.o
    0x0800b212   0x0800b212   0x00000256   Data   RO           48    .rodata.str1.1      main.o
    0x0800b468   0x0800b468   0x00000009   Data   RO          885    .rodata.str1.1      ff.o
    0x0800b471   0x0800b471   0x00000001   PAD
    0x0800b472   0x0800b472   0x000003c0   Data   RO          921    .rodata.str2.2      ccsbcs.o
    0x0800b832   0x0800b832   0x00000002   PAD
    0x0800b834   0x0800b834   0x00000020   Data   RO         1177    Region$$Table       anon$$obj.o
    0x0800b854   0x0800b854   0x00000110   Data   RO         1033    locale$$data        c_w.l(lc_ctype_c.o)


    Execution Region RW_IRAM1 (Exec base: 0x20000000, Load base: 0x0800b968, Size: 0x00004bf8, Max: 0x00005000, ABSOLUTE)

    Exec Addr    Load Addr    Size         Type   Attr      Idx    E Section Name        Object

    0x20000000   0x0800b968   0x00000022   Data   RW           74    .data..L_MergedGlobals  main.o
    0x20000022   0x0800b98a   0x00000002   PAD
    0x20000024   0x0800b98c   0x00000008   Data   RW          199    .data..L_MergedGlobals  stm32f1xx_hal.o
    0x2000002c   0x0800b994   0x00000001   Data   RW          746    .data.Stat          fatfs_sd.o
    0x2000002d   0x0800b995   0x00000003   PAD
    0x20000030   0x0800b998   0x00000004   Data   RW          717    .data.SystemCoreClock  system_stm32f1xx.o
    0x20000034   0x0800b99c   0x00000014   Data   RW          766    .data.USER_Driver   user_diskio.o
    0x20000048        -       0x00000060   Zero   RW         1001    .bss                c_w.l(libspace.o)
    0x200000a8        -       0x00000006   Zero   RW          108    .bss..L_MergedGlobals  stm32f1xx_it.o
    0x200000ae        -       0x00000002   Zero   RW          747    .bss..L_MergedGlobals  fatfs_sd.o
    0x200000b0        -       0x00000005   Zero   RW          780    .bss..L_MergedGlobals  fatfs.o
    0x200000b5   0x0800b9b0   0x00000003   PAD
    0x200000b8        -       0x00000020   Zero   RW          887    .bss..L_MergedGlobals  ff.o
    0x200000d8        -       0x00000063   Zero   RW           75    .bss..L_MergedGlobals.74  main.o
    0x2000013b   0x0800b9b0   0x00000001   PAD
    0x2000013c        -       0x00000200   Zero   RW          882    .bss.LfnBuf         ff.o
    0x2000033c        -       0x00000080   Zero   RW           51    .bss.buffer         main.o
    0x200003bc        -       0x00000064   Zero   RW           63    .bss.bufferQuestion  main.o
    0x20000420        -       0x00000064   Zero   RW           62    .bss.bufferX        main.o
    0x20000484        -       0x0000012c   Zero   RW           61    .bss.data           main.o
    0x200005b0        -       0x0000000c   Zero   RW          906    .bss.disk           ff_gen_drv.o
    0x200005bc        -       0x0000102c   Zero   RW           53    .bss.fil            main.o
    0x200015e8        -       0x00001030   Zero   RW           52    .bss.fs             main.o
    0x20002618        -       0x00000058   Zero   RW           64    .bss.hspi1          main.o
    0x20002670        -       0x00000044   Zero   RW           49    .bss.huart1         main.o
    0x200026b4        -       0x00000190   Zero   RW           54    .bss.inA            main.o
    0x20002844        -       0x00000190   Zero   RW           55    .bss.inB            main.o
    0x200029d4        -       0x00000190   Zero   RW           56    .bss.inC            main.o
    0x20002b64        -       0x00000190   Zero   RW           57    .bss.inQ            main.o
    0x20002cf4        -       0x00000bb8   Zero   RW           60    .bss.inputList      main.o
    0x200038ac        -       0x00000190   Zero   RW           58    .bss.qType          main.o
    0x20003a3c        -       0x00000bb8   Zero   RW           59    .bss.questionList   main.o
    0x200045f4        -       0x00000004   Zero   RW          198    .bss.uwTick         stm32f1xx_hal.o
    0x200045f8        -       0x00000200   Zero   RW            2    HEAP                startup_stm32f103xb.o
    0x200047f8        -       0x00000400   Zero   RW            1    STACK               startup_stm32f103xb.o


==============================================================================

Image component sizes


      Code (inc. data)   RO Data    RW Data    ZI Data      Debug   Object Name

       468          0       1216          0          0       2316   ccsbcs.o
       144          0          0          0          0       1860   diskio.o
        32          0          0          0          5       1968   fatfs.o
      4708         30          0          1          2      14011   fatfs_sd.o
     15622         54        137          0        544      78731   ff.o
        76          0          0          0         12       3286   ff_gen_drv.o
     15350        328        598         34      17167      42421   main.o
        64         26        236          0       1536        776   startup_stm32f103xb.o
       188          0          0          8          4       5723   stm32f1xx_hal.o
       194          0          0          0          0       8534   stm32f1xx_hal_cortex.o
       240          0          0          0          0       8131   stm32f1xx_hal_dma.o
       568         20          0          0          0       4765   stm32f1xx_hal_gpio.o
       322          0          0          0          0       7025   stm32f1xx_hal_msp.o
      1470          0         18          0          0       7623   stm32f1xx_hal_rcc.o
      1568          0          0          0          0      24684   stm32f1xx_hal_spi.o
      1814          0          0          0          0      23803   stm32f1xx_hal_uart.o
        90          0          0          0          6       4117   stm32f1xx_it.o
         2          0         24          4          0       1603   system_stm32f1xx.o
        20          0          0         20          0       1981   user_diskio.o

    ----------------------------------------------------------------------
     43060        458       2264         72      19280     243358   Object Totals
         0          0         32          0          0          0   (incl. Generated)
       120          0          3          5          4          0   (incl. Padding)

    ----------------------------------------------------------------------

      Code (inc. data)   RO Data    RW Data    ZI Data      Debug   Library Member Name

        44          6          0          0          0         84   __2sprintf.o
         8          0          0          0          0         68   __main.o
       104          0          0          0          0         84   __printf.o
         0          0          0          0          0          0   __rtentry.o
        12          0          0          0          0          0   __rtentry2.o
         6          0          0          0          0          0   __rtentry4.o
        52          8          0          0          0          0   __scatter.o
        26          0          0          0          0          0   __scatter_copy.o
        28          0          0          0          0          0   __scatter_zi.o
        28          0          0          0          0         68   _chval.o
         6          0          0          0          0          0   _printf_c.o
        44          0          0          0          0        108   _printf_char.o
        48          6          0          0          0         96   _printf_char_common.o
         6          0          0          0          0          0   _printf_d.o
       120         16          0          0          0         92   _printf_dec.o
       178          0          0          0          0         88   _printf_intcommon.o
         0          0          0          0          0          0   _printf_percent.o
         4          0          0          0          0          0   _printf_percent_end.o
         6          0          0          0          0          0   _printf_s.o
        82          0          0          0          0         80   _printf_str.o
        10          0          0          0          0         68   _sputc.o
       158          0          0          0          0         92   _strtoul.o
        26          0          0          0          0         80   atoi.o
        18          0          0          0          0         80   exit.o
         6          0          0          0          0        152   heapauxi.o
         0          0          0          0          0          0   indicate_semi.o
        44         10        272          0          0         76   lc_ctype_c.o
         2          0          0          0          0          0   libinit.o
        20          0          0          0          0          0   libinit2.o
         2          0          0          0          0          0   libshutdown.o
         2          0          0          0          0          0   libshutdown2.o
         8          4          0          0         96         68   libspace.o
        16          4          0          0          0         76   rt_ctype_table.o
         8          4          0          0          0         68   rt_errno_addr_intlibspace.o
         8          4          0          0          0         68   rt_locale_intlibspace.o
        68          0          0          0          0         68   rt_memclr.o
        78          0          0          0          0         80   rt_memclr_w.o
       100          0          0          0          0         80   rt_memcpy_w.o
         2          0          0          0          0          0   rtexit.o
        10          0          0          0          0          0   rtexit2.o
       128          0          0          0          0         68   strcmpv7m.o
        72          0          0          0          0         80   strcpy.o
        62          0          0          0          0         76   strlen.o
       112          0          0          0          0         88   strtol.o
        12          4          0          0          0         68   sys_exit.o
        74          0          0          0          0         80   sys_stackheap_outer.o
         2          0          0          0          0         68   use_no_semi.o

    ----------------------------------------------------------------------
      1864         66        272          0         96       2352   Library Totals
        14          0          0          0          0          0   (incl. Padding)

    ----------------------------------------------------------------------

      Code (inc. data)   RO Data    RW Data    ZI Data      Debug   Library Name

      1850         66        272          0         96       2352   c_w.l

    ----------------------------------------------------------------------
      1864         66        272          0         96       2352   Library Totals

    ----------------------------------------------------------------------

==============================================================================


      Code (inc. data)   RO Data    RW Data    ZI Data      Debug   

     44924        524       2536         72      19376     244118   Grand Totals
     44924        524       2536         72      19376     244118   ELF Image Totals
     44924        524       2536         72          0          0   ROM Totals

==============================================================================

    Total RO  Size (Code + RO Data)                47460 (  46.35kB)
    Total RW  Size (RW Data + ZI Data)             19448 (  18.99kB)
    Total ROM Size (Code + RO Data + RW Data)      47532 (  46.42kB)

==============================================================================

